[    0.000000] Linux version 4.9.0-rc8-00051-gbc3913a5378c (root@aastruc) (gcc version 6.2.0 (GCC) ) #2 SMP Wed Dec 7 06:38:59 CET 2016
[    0.000000] Command line: initrd=\initrd.img-4.9.0-rc8 root=UUID=025f1b82-6d81-453d-92ba-588f86d9f3f1 rw
[    0.000000] x86/fpu: Supporting XSAVE feature 0x001: 'x87 floating point registers'
[    0.000000] x86/fpu: Supporting XSAVE feature 0x002: 'SSE registers'
[    0.000000] x86/fpu: Supporting XSAVE feature 0x004: 'AVX registers'
[    0.000000] x86/fpu: xstate_offset[2]:  576, xstate_sizes[2]:  256
[    0.000000] x86/fpu: Enabled xstate features 0x7, context size is 832 bytes, using 'standard' format.
[    0.000000] x86/fpu: Using 'eager' FPU context switches.
[    0.000000] e820: BIOS-provided physical RAM map:
[    0.000000] BIOS-e820: [mem 0x0000000000000000-0x000000000009ffff] usable
[    0.000000] BIOS-e820: [mem 0x0000000000100000-0x00000000bee34fff] usable
[    0.000000] BIOS-e820: [mem 0x00000000bee35000-0x00000000bee35fff] ACPI data
[    0.000000] BIOS-e820: [mem 0x00000000bee36000-0x00000000bfed5fff] usable
[    0.000000] BIOS-e820: [mem 0x00000000bfed6000-0x00000000bff2dfff] reserved
[    0.000000] BIOS-e820: [mem 0x00000000bff2e000-0x00000000bff35fff] ACPI data
[    0.000000] BIOS-e820: [mem 0x00000000bff36000-0x00000000bff39fff] ACPI NVS
[    0.000000] BIOS-e820: [mem 0x00000000bff3a000-0x00000000bffbffff] usable
[    0.000000] BIOS-e820: [mem 0x00000000bffc0000-0x00000000bffdffff] reserved
[    0.000000] BIOS-e820: [mem 0x00000000bffe0000-0x00000000bffeffff] usable
[    0.000000] NX (Execute Disable) protection: active
[    0.000000] efi: EFI v2.40 by EDK II
[    0.000000] efi:  ACPI=0xbff35000  ACPI 2.0=0xbff35014  SMBIOS=0xbff38000  MPS=0xbff37000 
[    0.000000] SMBIOS 2.5 present.
[    0.000000] DMI: innotek GmbH VirtualBox/VirtualBox, BIOS VirtualBox 12/01/2006
[    0.000000] e820: update [mem 0x00000000-0x00000fff] usable ==> reserved
[    0.000000] e820: remove [mem 0x000a0000-0x000fffff] usable
[    0.000000] e820: last_pfn = 0xbfff0 max_arch_pfn = 0x400000000
[    0.000000] MTRR default type: uncachable
[    0.000000] MTRR variable ranges disabled:
[    0.000000] MTRR: Disabled
[    0.000000] x86/PAT: MTRRs disabled, skipping PAT initialization too.
[    0.000000] x86/PAT: Configuration [0-7]: WB  WT  UC- UC  WB  WT  UC- UC  
[    0.000000] CPU MTRRs all blank - virtualized system.
[    0.000000] found SMP MP-table at [mem 0x0009fff0-0x0009ffff] mapped at [ffff88000009fff0]
[    0.000000] Scanning 1 areas for low memory corruption
[    0.000000] Base memory trampoline at [ffff880000099000] 99000 size 24576
[    0.000000] BRK [0x03b1b000, 0x03b1bfff] PGTABLE
[    0.000000] BRK [0x03b1c000, 0x03b1cfff] PGTABLE
[    0.000000] BRK [0x03b1d000, 0x03b1dfff] PGTABLE
[    0.000000] BRK [0x03b1e000, 0x03b1efff] PGTABLE
[    0.000000] BRK [0x03b1f000, 0x03b1ffff] PGTABLE
[    0.000000] BRK [0x03b20000, 0x03b20fff] PGTABLE
[    0.000000] RAMDISK: [mem 0x7f29d000-0x7fffffff]
[    0.000000] ACPI: Early table checksum verification disabled
[    0.000000] ACPI: RSDP 0x00000000BFF35014 000024 (v02 VBOX  )
[    0.000000] ACPI: XSDT 0x00000000BFF340E8 000044 (v01 VBOX   VBOXFACP 00000001      01000013)
[    0.000000] ACPI: FACP 0x00000000BFF32000 0000F4 (v04 VBOX   VBOXFACP 00000001 ASL  00000061)
[    0.000000] ACPI: DSDT 0x00000000BFF2F000 00210F (v01 VBOX   VBOXBIOS 00000002 INTL 20100528)
[    0.000000] ACPI: FACS 0x00000000BFF39000 000040
[    0.000000] ACPI: FACS 0x00000000BFFF0200 000040
[    0.000000] ACPI: APIC 0x00000000BFF33000 00006C (v02 VBOX   VBOXAPIC 00000001 ASL  00000061)
[    0.000000] ACPI: SSDT 0x00000000BFF2E000 0001CC (v01 VBOX   VBOXCPUT 00000002 INTL 20100528)
[    0.000000] ACPI: BGRT 0x00000000BEE35000 000038 (v01 INTEL  EDK2     00000002      01000013)
[    0.000000] ACPI: Local APIC address 0xfee00000
[    0.000000] No NUMA configuration found
[    0.000000] Faking a node at [mem 0x0000000000000000-0x00000000bffeffff]
[    0.000000] NODE_DATA(0) allocated [mem 0xbffec000-0xbffeffff]
[    0.000000] Zone ranges:
[    0.000000]   DMA      [mem 0x0000000000001000-0x0000000000ffffff]
[    0.000000]   DMA32    [mem 0x0000000001000000-0x00000000bffeffff]
[    0.000000]   Normal   empty
[    0.000000] Movable zone start for each node
[    0.000000] Early memory node ranges
[    0.000000]   node   0: [mem 0x0000000000001000-0x000000000009ffff]
[    0.000000]   node   0: [mem 0x0000000000100000-0x00000000bee34fff]
[    0.000000]   node   0: [mem 0x00000000bee36000-0x00000000bfed5fff]
[    0.000000]   node   0: [mem 0x00000000bff3a000-0x00000000bffbffff]
[    0.000000]   node   0: [mem 0x00000000bffe0000-0x00000000bffeffff]
[    0.000000] Initmem setup node 0 [mem 0x0000000000001000-0x00000000bffeffff]
[    0.000000] On node 0 totalpages: 786186
[    0.000000]   DMA zone: 64 pages used for memmap
[    0.000000]   DMA zone: 22 pages reserved
[    0.000000]   DMA zone: 3999 pages, LIFO batch:0
[    0.000000]   DMA32 zone: 12224 pages used for memmap
[    0.000000]   DMA32 zone: 782187 pages, LIFO batch:31
[    0.000000] ACPI: PM-Timer IO Port: 0x4008
[    0.000000] ACPI: Local APIC address 0xfee00000
[    0.000000] IOAPIC[0]: apic_id 4, version 32, address 0xfec00000, GSI 0-23
[    0.000000] ACPI: INT_SRC_OVR (bus 0 bus_irq 0 global_irq 2 dfl dfl)
[    0.000000] ACPI: INT_SRC_OVR (bus 0 bus_irq 9 global_irq 9 high level)
[    0.000000] ACPI: IRQ0 used by override.
[    0.000000] ACPI: IRQ9 used by override.
[    0.000000] Using ACPI (MADT) for SMP configuration information
[    0.000000] smpboot: Allowing 4 CPUs, 0 hotplug CPUs
[    0.000000] PM: Registered nosave memory: [mem 0x00000000-0x00000fff]
[    0.000000] PM: Registered nosave memory: [mem 0x000a0000-0x000fffff]
[    0.000000] PM: Registered nosave memory: [mem 0xbee35000-0xbee35fff]
[    0.000000] PM: Registered nosave memory: [mem 0xbfed6000-0xbff2dfff]
[    0.000000] PM: Registered nosave memory: [mem 0xbff2e000-0xbff35fff]
[    0.000000] PM: Registered nosave memory: [mem 0xbff36000-0xbff39fff]
[    0.000000] PM: Registered nosave memory: [mem 0xbffc0000-0xbffdffff]
[    0.000000] e820: [mem 0xbfff0000-0xffffffff] available for PCI devices
[    0.000000] clocksource: refined-jiffies: mask: 0xffffffff max_cycles: 0xffffffff, max_idle_ns: 1910969940391419 ns
[    0.000000] setup_percpu: NR_CPUS:64 nr_cpumask_bits:64 nr_cpu_ids:4 nr_node_ids:1
[    0.000000] percpu: Embedded 34 pages/cpu @ffff8800be800000 s100568 r8192 d30504 u524288
[    0.000000] pcpu-alloc: s100568 r8192 d30504 u524288 alloc=1*2097152
[    0.000000] pcpu-alloc: [0] 0 1 2 3 
[    0.000000] Built 1 zonelists in Node order, mobility grouping on.  Total pages: 773876
[    0.000000] Policy zone: DMA32
[    0.000000] Kernel command line: initrd=\initrd.img-4.9.0-rc8 root=UUID=025f1b82-6d81-453d-92ba-588f86d9f3f1 rw
[    0.000000] PID hash table entries: 4096 (order: 3, 32768 bytes)
[    0.000000] Calgary: detecting Calgary via BIOS EBDA area
[    0.000000] Calgary: Unable to locate Rio Grande table in EBDA - bailing!
[    0.000000] Memory: 3036028K/3144744K available (9033K kernel code, 1200K rwdata, 2760K rodata, 1152K init, 776K bss, 108716K reserved, 0K cma-reserved)
[    0.000000] SLUB: HWalign=64, Order=0-3, MinObjects=0, CPUs=4, Nodes=1
[    0.000000] Hierarchical RCU implementation.
[    0.000000] 	Build-time adjustment of leaf fanout to 64.
[    0.000000] 	RCU restricting CPUs from NR_CPUS=64 to nr_cpu_ids=4.
[    0.000000] RCU: Adjusting geometry for rcu_fanout_leaf=64, nr_cpu_ids=4
[    0.000000] NR_IRQS:4352 nr_irqs:456 16
[    0.000000] Console: colour dummy device 80x25
[    0.000000] console [tty0] enabled
[    0.000000] tsc: Fast TSC calibration using PIT
[    0.000000] tsc: Detected 2893.335 MHz processor
[    0.000059] Calibrating delay loop (skipped), value calculated using timer frequency.. 5786.67 BogoMIPS (lpj=2893335)
[    0.000065] pid_max: default: 32768 minimum: 301
[    0.000072] ACPI: Core revision 20160831
[    0.000580] ACPI: 2 ACPI AML tables successfully acquired and loaded
[    0.001912] Security Framework initialized
[    0.002037] Dentry cache hash table entries: 524288 (order: 10, 4194304 bytes)
[    0.002681] Inode-cache hash table entries: 262144 (order: 9, 2097152 bytes)
[    0.003018] Mount-cache hash table entries: 8192 (order: 4, 65536 bytes)
[    0.003025] Mountpoint-cache hash table entries: 8192 (order: 4, 65536 bytes)
[    0.003204] CPU: Physical Processor ID: 0
[    0.003208] CPU: Processor Core ID: 0
[    0.003222] mce: CPU supports 0 MCE banks
[    0.003247] Last level iTLB entries: 4KB 512, 2MB 8, 4MB 8
[    0.003251] Last level dTLB entries: 4KB 512, 2MB 32, 4MB 32, 1GB 0
[    0.005041] Freeing SMP alternatives memory: 36K (ffffffff8204e000 - ffffffff82057000)
[    0.005628] smpboot: APIC(0) Converting physical 0 to logical package 0
[    0.005633] smpboot: Max logical packages: 1
[    0.006740] ..TIMER: vector=0x30 apic1=0 pin1=2 apic2=-1 pin2=-1
[    0.119382] smpboot: CPU0: Intel(R) Core(TM) i5-3470S CPU @ 2.90GHz (family: 0x6, model: 0x3a, stepping: 0x9)
[    0.119448] Performance Events: unsupported p6 CPU model 58 no PMU driver, software events only.
[    0.120403] x86: Booting SMP configuration:
[    0.120408] .... node  #0, CPUs:      #1
[    0.120716] mce: CPU supports 0 MCE banks
[    0.182664]  #2
[    0.182952] mce: CPU supports 0 MCE banks
[    0.244977]  #3
[    0.244979] mce: CPU supports 0 MCE banks
[    0.306557] x86: Booted up 1 node, 4 CPUs
[    0.306566] smpboot: Total of 4 processors activated (23181.13 BogoMIPS)
[    0.307197] devtmpfs: initialized
[    0.307559] PM: Registering ACPI NVS region [mem 0xbff36000-0xbff39fff] (16384 bytes)
[    0.307682] clocksource: jiffies: mask: 0xffffffff max_cycles: 0xffffffff, max_idle_ns: 1911260446275000 ns
[    0.307806] RTC time: 21:36:07, date: 12/07/16
[    0.307892] NET: Registered protocol family 16
[    0.310619] cpuidle: using governor menu
[    0.310650] ACPI: bus type PCI registered
[    0.310733] PCI: Using configuration type 1 for base access
[    0.317033] HugeTLB registered 2 MB page size, pre-allocated 0 pages
[    0.317656] ACPI: Added _OSI(Module Device)
[    0.317662] ACPI: Added _OSI(Processor Device)
[    0.317666] ACPI: Added _OSI(3.0 _SCP Extensions)
[    0.317670] ACPI: Added _OSI(Processor Aggregator Device)
[    0.317961] ACPI: Executed 1 blocks of module-level executable AML code
[    0.319857] ACPI: Interpreter enabled
[    0.319870] ACPI: (supports S0 S5)
[    0.319874] ACPI: Using IOAPIC for interrupt routing
[    0.319992] PCI: Using host bridge windows from ACPI; if necessary, use "pci=nocrs" and report a bug
[    0.323352] ACPI: PCI Root Bridge [PCI0] (domain 0000 [bus 00-ff])
[    0.323361] acpi PNP0A03:00: _OSC: OS supports [ASPM ClockPM Segments MSI]
[    0.323367] acpi PNP0A03:00: _OSC failed (AE_NOT_FOUND); disabling ASPM
[    0.323376] acpi PNP0A03:00: fail to add MMCONFIG information, can't access extended PCI configuration space under this bridge.
[    0.323431] PCI host bridge to bus 0000:00
[    0.323525] pci_bus 0000:00: root bus resource [io  0x0000-0x0cf7 window]
[    0.323529] pci_bus 0000:00: root bus resource [io  0x0d00-0xffff window]
[    0.323534] pci_bus 0000:00: root bus resource [mem 0x000a0000-0x000bffff window]
[    0.323540] pci_bus 0000:00: root bus resource [mem 0xc0000000-0xffdfffff window]
[    0.323546] pci_bus 0000:00: root bus resource [bus 00-ff]
[    0.323597] pci 0000:00:00.0: [8086:1237] type 00 class 0x060000
[    0.324125] pci 0000:00:01.0: [8086:7000] type 00 class 0x060100
[    0.324871] pci 0000:00:01.1: [8086:7111] type 00 class 0x01018a
[    0.325271] pci 0000:00:01.1: reg 0x20: [io  0xc170-0xc17f]
[    0.325552] pci 0000:00:01.1: legacy IDE quirk: reg 0x10: [io  0x01f0-0x01f7]
[    0.325558] pci 0000:00:01.1: legacy IDE quirk: reg 0x14: [io  0x03f6]
[    0.325562] pci 0000:00:01.1: legacy IDE quirk: reg 0x18: [io  0x0170-0x0177]
[    0.325567] pci 0000:00:01.1: legacy IDE quirk: reg 0x1c: [io  0x0376]
[    0.325793] pci 0000:00:02.0: [80ee:beef] type 00 class 0x030000
[    0.327899] pci 0000:00:02.0: reg 0x10: [mem 0xc0000000-0xc0ffffff pref]
[    0.338237] pci 0000:00:03.0: [8086:100e] type 00 class 0x020000
[    0.340438] pci 0000:00:03.0: reg 0x10: [mem 0xc1400000-0xc141ffff]
[    0.342764] pci 0000:00:03.0: reg 0x18: [io  0xc190-0xc197]
[    0.349252] pci 0000:00:04.0: [80ee:cafe] type 00 class 0x088000
[    0.350616] pci 0000:00:04.0: reg 0x10: [io  0xc140-0xc15f]
[    0.351742] pci 0000:00:04.0: reg 0x14: [mem 0xc1000000-0xc13fffff]
[    0.353579] pci 0000:00:04.0: reg 0x18: [mem 0xc1420000-0xc1423fff pref]
[    0.359788] pci 0000:00:05.0: [8086:2415] type 00 class 0x040100
[    0.359889] pci 0000:00:05.0: reg 0x10: [io  0xc000-0xc0ff]
[    0.359960] pci 0000:00:05.0: reg 0x14: [io  0xc100-0xc13f]
[    0.360603] pci 0000:00:06.0: [106b:003f] type 00 class 0x0c0310
[    0.361758] pci 0000:00:06.0: reg 0x10: [mem 0xc1426000-0xc1426fff]
[    0.370892] pci 0000:00:07.0: [8086:7113] type 00 class 0x068000
[    0.371372] pci 0000:00:07.0: quirk: [io  0x4000-0x403f] claimed by PIIX4 ACPI
[    0.371789] pci 0000:00:0d.0: [8086:2829] type 00 class 0x010601
[    0.372797] pci 0000:00:0d.0: reg 0x10: [io  0xc188-0xc18f]
[    0.375706] pci 0000:00:0d.0: reg 0x18: [io  0xc180-0xc187]
[    0.378789] pci 0000:00:0d.0: reg 0x20: [io  0xc160-0xc16f]
[    0.380567] pci 0000:00:0d.0: reg 0x24: [mem 0xc1424000-0xc1425fff]
[    0.383251] ACPI: PCI Interrupt Link [LNKA] (IRQs 5 9 10 *11)
[    0.383438] ACPI: PCI Interrupt Link [LNKB] (IRQs 5 9 10 *11)
[    0.383613] ACPI: PCI Interrupt Link [LNKC] (IRQs 5 9 *10 11)
[    0.383709] ACPI: PCI Interrupt Link [LNKD] (IRQs 5 9 *10 11)
[    0.383840] ACPI: Enabled 2 GPEs in block 00 to 07
[    0.384144] vgaarb: setting as boot device: PCI:0000:00:02.0
[    0.384150] vgaarb: device added: PCI:0000:00:02.0,decodes=io+mem,owns=io+mem,locks=none
[    0.384156] vgaarb: loaded
[    0.384160] vgaarb: bridge control possible 0000:00:02.0
[    0.384224] SCSI subsystem initialized
[    0.384514] libata version 3.00 loaded.
[    0.384590] ACPI: bus type USB registered
[    0.384626] usbcore: registered new interface driver usbfs
[    0.384636] usbcore: registered new interface driver hub
[    0.384700] usbcore: registered new device driver usb
[    0.384721] pps_core: LinuxPPS API ver. 1 registered
[    0.384725] pps_core: Software ver. 5.3.6 - Copyright 2005-2007 Rodolfo Giometti <giometti@linux.it>
[    0.384732] PTP clock support registered
[    0.384951] Registered efivars operations
[    0.402564] Advanced Linux Sound Architecture Driver Initialized.
[    0.402584] PCI: Using ACPI for IRQ routing
[    0.402589] PCI: pci_cache_line_size set to 64 bytes
[    0.402788] e820: reserve RAM buffer [mem 0xbee35000-0xbfffffff]
[    0.402792] e820: reserve RAM buffer [mem 0xbfed6000-0xbfffffff]
[    0.402794] e820: reserve RAM buffer [mem 0xbffc0000-0xbfffffff]
[    0.402796] e820: reserve RAM buffer [mem 0xbfff0000-0xbfffffff]
[    0.403121] NetLabel: Initializing
[    0.403126] NetLabel:  domain hash size = 128
[    0.403129] NetLabel:  protocols = UNLABELED CIPSOv4
[    0.403146] NetLabel:  unlabeled traffic allowed by default
[    0.403429] clocksource: Switched to clocksource refined-jiffies
[    0.408523] VFS: Disk quotas dquot_6.6.0
[    0.408634] VFS: Dquot-cache hash table entries: 512 (order 0, 4096 bytes)
[    0.408729] pnp: PnP ACPI init
[    0.408782] pnp 00:00: Plug and Play ACPI device, IDs PNP0303 (active)
[    0.408847] pnp 00:01: Plug and Play ACPI device, IDs PNP0f03 (active)
[    0.409467] pnp: PnP ACPI: found 2 devices
[    0.421144] clocksource: acpi_pm: mask: 0xffffff max_cycles: 0xffffff, max_idle_ns: 2085701024 ns
[    0.421263] clocksource: Switched to clocksource acpi_pm
[    0.421274] pci_bus 0000:00: resource 4 [io  0x0000-0x0cf7 window]
[    0.421276] pci_bus 0000:00: resource 5 [io  0x0d00-0xffff window]
[    0.421279] pci_bus 0000:00: resource 6 [mem 0x000a0000-0x000bffff window]
[    0.421281] pci_bus 0000:00: resource 7 [mem 0xc0000000-0xffdfffff window]
[    0.421314] NET: Registered protocol family 2
[    0.421457] TCP established hash table entries: 32768 (order: 6, 262144 bytes)
[    0.421674] TCP bind hash table entries: 32768 (order: 7, 524288 bytes)
[    0.421747] TCP: Hash tables configured (established 32768 bind 32768)
[    0.421772] UDP hash table entries: 2048 (order: 4, 65536 bytes)
[    0.421787] UDP-Lite hash table entries: 2048 (order: 4, 65536 bytes)
[    0.421829] NET: Registered protocol family 1
[    0.422162] RPC: Registered named UNIX socket transport module.
[    0.422167] RPC: Registered udp transport module.
[    0.422171] RPC: Registered tcp transport module.
[    0.422175] RPC: Registered tcp NFSv4.1 backchannel transport module.
[    0.422183] pci 0000:00:00.0: Limiting direct PCI/PCI transfers
[    0.422216] pci 0000:00:01.0: Activating ISA DMA hang workarounds
[    0.422263] pci 0000:00:02.0: Video device with shadowed ROM at [mem 0x000c0000-0x000dffff]
[    0.423251] PCI: CLS 0 bytes, default 64
[    0.423319] Unpacking initramfs...
[    0.482811] hrtimer: interrupt took 4055264 ns
[    0.593384] Freeing initrd memory: 13708K (ffff88007f29d000 - ffff880080000000)
[    0.594100] RAPL PMU: API unit is 2^-32 Joules, 3 fixed counters, 10737418240 ms ovfl timer
[    0.594117] RAPL PMU: hw unit of domain pp0-core 2^-0 Joules
[    0.594121] RAPL PMU: hw unit of domain package 2^-0 Joules
[    0.594125] RAPL PMU: hw unit of domain pp1-gpu 2^-0 Joules
[    0.594185] platform rtc_cmos: registered platform RTC device (no PNP device found)
[    0.595052] Scanning for low memory corruption every 60 seconds
[    0.595340] futex hash table entries: 1024 (order: 4, 65536 bytes)
[    0.595991] workingset: timestamp_bits=56 max_order=20 bucket_order=0
[    0.597792] NFS: Registering the id_resolver key type
[    0.597802] Key type id_resolver registered
[    0.597806] Key type id_legacy registered
[    0.598129] cryptomgr_test (44) used greatest stack depth: 15232 bytes left
[    0.603545] Block layer SCSI generic (bsg) driver version 0.4 loaded (major 251)
[    0.603553] io scheduler noop registered
[    0.603556] io scheduler deadline registered
[    0.603566] io scheduler cfq registered (default)
[    0.603614] pci_hotplug: PCI Hot Plug PCI Core version: 0.5
[    0.603626] efifb: probing for efifb
[    0.603636] efifb: framebuffer at 0xc0000000, using 3072k, total 3072k
[    0.603641] efifb: mode is 1024x768x32, linelength=4096, pages=1
[    0.603644] efifb: scrolling: redraw
[    0.603648] efifb: Truecolor: size=8:8:8:8, shift=24:16:8:0
[    0.606913] Console: switching to colour frame buffer device 128x48
[    0.608112] fb0: EFI VGA frame buffer device
[    0.608336] ACPI: AC Adapter [AC] (on-line)
[    0.608397] input: Power Button as /devices/LNXSYSTM:00/LNXPWRBN:00/input/input0
[    0.608420] ACPI: Power Button [PWRF]
[    0.608498] input: Sleep Button as /devices/LNXSYSTM:00/LNXSLPBN:00/input/input1
[    0.608521] ACPI: Sleep Button [SLPF]
[    0.608609] ACPI: Video Device [GFX0] (multi-head: yes  rom: no  post: no)
[    0.608674] input: Video Bus as /devices/LNXSYSTM:00/LNXSYBUS:00/PNP0A03:00/LNXVIDEO:00/input/input2
[    0.609234] Serial: 8250/16550 driver, 4 ports, IRQ sharing enabled
[    0.609992] Non-volatile memory driver v1.3
[    0.610098] Linux agpgart interface v0.103
[    0.610180] [drm] Initialized
[    0.615045] loop: module loaded
[    0.616272] ahci 0000:00:0d.0: version 3.0
[    0.616841] ahci 0000:00:0d.0: SSS flag set, parallel bus scan disabled
[    0.617030] ahci 0000:00:0d.0: AHCI 0001.0100 32 slots 1 ports 3 Gbps 0x1 impl SATA mode
[    0.617093] ahci 0000:00:0d.0: flags: 64bit ncq stag only ccc 
[    0.617679] scsi host0: ahci
[    0.617802] ata1: SATA max UDMA/133 abar m8192@0xc1424000 port 0xc1424100 irq 21
[    0.620047] ata_piix 0000:00:01.1: version 2.13
[    0.620638] scsi host1: ata_piix
[    0.621466] scsi host2: ata_piix
[    0.622005] ata2: PATA max UDMA/33 cmd 0x1f0 ctl 0x3f6 bmdma 0xc170 irq 14
[    0.622269] ata3: PATA max UDMA/33 cmd 0x170 ctl 0x376 bmdma 0xc178 irq 15
[    0.622898] e100: Intel(R) PRO/100 Network Driver, 3.5.24-k2-NAPI
[    0.623460] e100: Copyright(c) 1999-2006 Intel Corporation
[    0.623988] e1000: Intel(R) PRO/1000 Network Driver - version 7.3.21-k8-NAPI
[    0.624541] e1000: Copyright (c) 1999-2006 Intel Corporation.
[    0.782957] ata3.00: ATAPI: VBOX CD-ROM, 1.0, max UDMA/133
[    0.787054] ata3.00: configured for UDMA/33
[    0.925760] ata1: SATA link up 3.0 Gbps (SStatus 123 SControl 300)
[    0.928324] ata1.00: ATA-6: VBOX HARDDISK, 1.0, max UDMA/133
[    0.930678] ata1.00: 536870912 sectors, multi 128: LBA48 NCQ (depth 31/32)
[    0.931677] ata1.00: configured for UDMA/133
[    0.932520] scsi 0:0:0:0: Direct-Access     ATA      VBOX HARDDISK    1.0  PQ: 0 ANSI: 5
[    0.971556] sd 0:0:0:0: Attached scsi generic sg0 type 0
[    0.972501] sd 0:0:0:0: [sda] 536870912 512-byte logical blocks: (275 GB/256 GiB)
[    0.972630] sd 0:0:0:0: [sda] Write Protect is off
[    0.972661] sd 0:0:0:0: [sda] Mode Sense: 00 3a 00 00
[    0.972827] sd 0:0:0:0: [sda] Write cache: enabled, read cache: enabled, doesn't support DPO or FUA
[    0.976534] scsi 2:0:0:0: CD-ROM            VBOX     CD-ROM           1.0  PQ: 0 ANSI: 5
[    0.980122]  sda: sda1 sda2 sda3
[    0.981258] sd 0:0:0:0: [sda] Attached SCSI disk
[    0.989644] sr 2:0:0:0: [sr0] scsi3-mmc drive: 32x/32x xa/form2 tray
[    0.992175] cdrom: Uniform CD-ROM driver Revision: 3.20
[    0.993032] sr 2:0:0:0: Attached scsi CD-ROM sr0
[    0.993450] sr 2:0:0:0: Attached scsi generic sg1 type 5
[    0.994128] e1000 0000:00:03.0 eth0: (PCI:33MHz:32-bit) 08:00:27:32:07:00
[    0.994833] e1000 0000:00:03.0 eth0: Intel(R) PRO/1000 Network Connection
[    0.996210] e1000e: Intel(R) PRO/1000 Network Driver - 3.2.6-k
[    0.996822] e1000e: Copyright(c) 1999 - 2015 Intel Corporation.
[    0.997477] sky2: driver version 1.30
[    0.998205] ehci_hcd: USB 2.0 'Enhanced' Host Controller (EHCI) Driver
[    0.998278] ehci-pci: EHCI PCI platform driver
[    0.998824] ohci_hcd: USB 1.1 'Open' Host Controller (OHCI) Driver
[    0.999278] ohci-pci: OHCI PCI platform driver
[    1.000257] ohci-pci 0000:00:06.0: OHCI PCI host controller
[    1.000921] ohci-pci 0000:00:06.0: new USB bus registered, assigned bus number 1
[    1.001278] ohci-pci 0000:00:06.0: irq 22, io mem 0xc1426000
[    1.055510] usb usb1: New USB device found, idVendor=1d6b, idProduct=0001
[    1.056279] usb usb1: New USB device strings: Mfr=3, Product=2, SerialNumber=1
[    1.058182] usb usb1: Product: OHCI PCI host controller
[    1.058300] usb usb1: Manufacturer: Linux 4.9.0-rc8-00051-gbc3913a5378c ohci_hcd
[    1.059122] usb usb1: SerialNumber: 0000:00:06.0
[    1.060399] hub 1-0:1.0: USB hub found
[    1.060916] hub 1-0:1.0: 12 ports detected
[    1.061757] uhci_hcd: USB Universal Host Controller Interface driver
[    1.062461] usbcore: registered new interface driver usblp
[    1.064528] usbcore: registered new interface driver usb-storage
[    1.065101] i8042: PNP: PS/2 Controller [PNP0303:PS2K,PNP0f03:PS2M] at 0x60,0x64 irq 1,12
[    1.066400] serio: i8042 KBD port at 0x60,0x64 irq 1
[    1.066973] serio: i8042 AUX port at 0x60,0x64 irq 12
[    1.067618] mousedev: PS/2 mouse device common for all mice
[    1.069480] rtc_cmos rtc_cmos: rtc core: registered rtc_cmos as rtc0
[    1.070068] input: AT Translated Set 2 keyboard as /devices/platform/i8042/serio0/input/input3
[    1.070634] rtc_cmos rtc_cmos: alarms up to one day, 114 bytes nvram
[    1.071606] device-mapper: ioctl: 4.35.0-ioctl (2016-06-23) initialised: dm-devel@redhat.com
[    1.072175] EFI Variables Facility v0.08 2004-May-17
[    1.092486] hidraw: raw HID events driver (C) Jiri Kosina
[    1.094700] usbcore: registered new interface driver usbhid
[    1.095218] usbhid: USB HID core driver
[    1.096560] Netfilter messages via NETLINK v0.30.
[    1.097231] nf_conntrack version 0.5.0 (16384 buckets, 65536 max)
[    1.097807] ctnetlink v0.93: registering with nfnetlink.
[    1.097986] modprobe (94) used greatest stack depth: 14624 bytes left
[    1.100281] ip_tables: (C) 2000-2006 Netfilter Core Team
[    1.101258] Initializing XFRM netlink socket
[    1.101930] NET: Registered protocol family 10
[    1.103193] ip6_tables: (C) 2000-2006 Netfilter Core Team
[    1.108007] sit: IPv6, IPv4 and MPLS over IPv4 tunneling driver
[    1.108817] NET: Registered protocol family 17
[    1.109281] Key type dns_resolver registered
[    1.110508] microcode: sig=0x306a9, pf=0x2, revision=0x19
[    1.111371] microcode: Microcode Update Driver: v2.01 <tigran@aivazian.fsnet.co.uk>, Peter Oruba
[    1.112570] registered taskstats version 1
[    1.113386]   Magic number: 12:372:651
[    1.113952] acpi PNP0A03:00: hash matches
[    1.114420] console [netcon0] enabled
[    1.114914] netconsole: network logging started
[    1.115448] PM: Hibernation image not present or could not be loaded.
[    1.115449] ALSA device list:
[    1.115557]   No soundcards found.
[    1.117264] Freeing unused kernel memory: 1152K (ffffffff81f2e000 - ffffffff8204e000)
[    1.117838] Write protecting the kernel read-only data: 14336k
[    1.118964] Freeing unused kernel memory: 1184K (ffff8800032d8000 - ffff880003400000)
[    1.122476] Freeing unused kernel memory: 1336K (ffff8800036b2000 - ffff880003800000)
[    1.133795] systemd-udevd (101) used greatest stack depth: 14232 bytes left
[    1.134230] random: systemd-udevd: uninitialized urandom read (16 bytes read)
[    1.134370] random: systemd-udevd: uninitialized urandom read (16 bytes read)
[    1.134380] random: systemd-udevd: uninitialized urandom read (16 bytes read)
[    1.134404] random: systemd-udevd: uninitialized urandom read (16 bytes read)
[    1.134419] random: systemd-udevd: uninitialized urandom read (16 bytes read)
[    1.135182] random: udevadm: uninitialized urandom read (16 bytes read)
[    1.135216] random: udevadm: uninitialized urandom read (16 bytes read)
[    1.135801] random: udevadm: uninitialized urandom read (16 bytes read)
[    1.135815] random: udevadm: uninitialized urandom read (16 bytes read)
[    1.135852] random: udevadm: uninitialized urandom read (16 bytes read)
[    1.151978] udevadm (103) used greatest stack depth: 14032 bytes left
[    1.210813] cdrom_id (123) used greatest stack depth: 13176 bytes left
[    1.295639] random: fast init done
[    1.301452] input: ImExPS/2 Generic Explorer Mouse as /devices/platform/i8042/serio1/input/input5
[    1.396691] EXT4-fs (sda2): mounted filesystem with ordered data mode. Opts: (null)
[    1.441684] usb 1-1: new full-speed USB device number 2 using ohci-pci
[    1.615471] tsc: Refined TSC clocksource calibration: 2893.406 MHz
[    1.617293] clocksource: tsc: mask: 0xffffffffffffffff max_cycles: 0x29b4ee1aabe, max_idle_ns: 440795265226 ns
[    1.672131] usb 1-1: New USB device found, idVendor=80ee, idProduct=0021
[    1.674196] usb 1-1: New USB device strings: Mfr=1, Product=3, SerialNumber=0
[    1.674295] usb 1-1: Product: USB Tablet
[    1.674792] usb 1-1: Manufacturer: VirtualBox
[    1.691655] input: VirtualBox USB Tablet as /devices/pci0000:00/0000:00:06.0/usb1/1-1/1-1:1.0/0003:80EE:0021.0001/input/input6
[    1.694486] hid-generic 0003:80EE:0021.0001: input,hidraw0: USB HID v1.10 Mouse [VirtualBox USB Tablet] on usb-0000:00:06.0-1/input0
[    2.638842] clocksource: Switched to clocksource tsc
[    3.612175] systemd[1]: systemd 231 running in system mode. (-PAM -AUDIT -SELINUX +IMA -APPARMOR +SMACK +SYSVINIT +UTMP -LIBCRYPTSETUP -GCRYPT -GNUTLS +ACL +XZ -LZ4 -SECCOMP +BLKID -ELFUTILS +KMOD -IDN)
[    3.615796] systemd[1]: Detected virtualization oracle.
[    3.616315] systemd[1]: Detected architecture x86-64.
[    3.619967] systemd[1]: Set hostname to <aastruc>.
[    3.750099] systemd[1]: tmp.mount: Cannot add dependency job, ignoring: Unit tmp.mount is masked.
[    3.752970] systemd[1]: tmp.mount: Cannot add dependency job, ignoring: Unit tmp.mount is masked.
[    3.754125] systemd[1]: Listening on Journal Socket.
[    3.756455] systemd[1]: Listening on Journal Socket (/dev/log).
[    3.757681] systemd[1]: Set up automount Arbitrary Executable File Formats File System Automount Point.
[    3.759886] systemd[1]: Listening on Process Core Dump Socket.
[    3.849551] EXT4-fs (sda2): re-mounted. Opts: data=ordered
[    3.972051] Adding 6290408k swap on /dev/sda3.  Priority:-1 extents:1 across:6290408k 
[    4.002168] FAT-fs (sda1): Volume was not properly unmounted. Some data may be corrupt. Please run fsck.
[    4.174188] systemd-journald[150]: Received request to flush runtime journal from PID 1
[    4.182523] e1000 0000:00:03.0 enp0s3: renamed from eth0
[    4.221654] random: crng init done
[    4.478366] systemd-udevd (191) used greatest stack depth: 13168 bytes left
[    4.689565] IPv6: ADDRCONF(NETDEV_UP): enp0s3: link is not ready
[    4.690737] e1000: enp0s3 NIC Link is Up 1000 Mbps Full Duplex, Flow Control: RX
[    4.691052] IPv6: ADDRCONF(NETDEV_CHANGE): enp0s3: link becomes ready
[ 2732.499935] e1000: enp0s3 NIC Link is Down
[ 2732.506986] usb 1-1: USB disconnect, device number 2
[ 2733.066758] usb 1-1: new full-speed USB device number 3 using ohci-pci
[ 2733.285263] usb 1-1: New USB device found, idVendor=80ee, idProduct=0021
[ 2733.286857] usb 1-1: New USB device strings: Mfr=1, Product=3, SerialNumber=0
[ 2733.287411] usb 1-1: Product: USB Tablet
[ 2733.287857] usb 1-1: Manufacturer: VirtualBox
[ 2733.305049] input: VirtualBox USB Tablet as /devices/pci0000:00/0000:00:06.0/usb1/1-1/1-1:1.0/0003:80EE:0021.0002/input/input7
[ 2733.308118] hid-generic 0003:80EE:0021.0002: input,hidraw0: USB HID v1.10 Mouse [VirtualBox USB Tablet] on usb-0000:00:06.0-1/input0
[ 2738.613864] e1000: enp0s3 NIC Link is Up 1000 Mbps Full Duplex, Flow Control: RX
[ 3941.140848] cc1 (12239) used greatest stack depth: 13112 bytes left
[ 5744.332738] usb 1-1: USB disconnect, device number 3
[ 5744.907723] usb 1-1: new full-speed USB device number 4 using ohci-pci
[ 5745.129761] usb 1-1: New USB device found, idVendor=80ee, idProduct=0021
[ 5745.129864] usb 1-1: New USB device strings: Mfr=1, Product=3, SerialNumber=0
[ 5745.129921] usb 1-1: Product: USB Tablet
[ 5745.129970] usb 1-1: Manufacturer: VirtualBox
[ 5745.146619] input: VirtualBox USB Tablet as /devices/pci0000:00/0000:00:06.0/usb1/1-1/1-1:1.0/0003:80EE:0021.0003/input/input8
[ 5745.146837] hid-generic 0003:80EE:0021.0003: input,hidraw0: USB HID v1.10 Mouse [VirtualBox USB Tablet] on usb-0000:00:06.0-1/input0
[ 5745.244383] e1000: enp0s3 NIC Link is Down
[ 5749.341956] e1000: enp0s3 NIC Link is Up 1000 Mbps Full Duplex, Flow Control: RX
[ 9770.279729] kworker/dying (92) used greatest stack depth: 12408 bytes left
