[    0.000000] Linux version 4.9.0-thor_kernel-00051-gbc3913a5378c-dirty (root@aastruc) (gcc version 6.2.0 (GCC) ) #3 SMP Thu Dec 8 02:21:49 CET 2016
[    0.000000] Command line: initrd=\initrd.img-4.9.0-thor_kernel root=UUID=025f1b82-6d81-453d-92ba-588f86d9f3f1 rw
[    0.000000] x86/fpu: Supporting XSAVE feature 0x001: 'x87 floating point registers'
[    0.000000] x86/fpu: Supporting XSAVE feature 0x002: 'SSE registers'
[    0.000000] x86/fpu: Supporting XSAVE feature 0x004: 'AVX registers'
[    0.000000] x86/fpu: xstate_offset[2]:  576, xstate_sizes[2]:  256
[    0.000000] x86/fpu: Enabled xstate features 0x7, context size is 832 bytes, using 'standard' format.
[    0.000000] x86/fpu: Using 'eager' FPU context switches.
[    0.000000] e820: BIOS-provided physical RAM map:
[    0.000000] BIOS-e820: [mem 0x0000000000000000-0x000000000009ffff] usable
[    0.000000] BIOS-e820: [mem 0x0000000000100000-0x00000000bee33fff] usable
[    0.000000] BIOS-e820: [mem 0x00000000bee34000-0x00000000bee34fff] ACPI data
[    0.000000] BIOS-e820: [mem 0x00000000bee35000-0x00000000bfed5fff] usable
[    0.000000] BIOS-e820: [mem 0x00000000bfed6000-0x00000000bff2dfff] reserved
[    0.000000] BIOS-e820: [mem 0x00000000bff2e000-0x00000000bff35fff] ACPI data
[    0.000000] BIOS-e820: [mem 0x00000000bff36000-0x00000000bff39fff] ACPI NVS
[    0.000000] BIOS-e820: [mem 0x00000000bff3a000-0x00000000bffbffff] usable
[    0.000000] BIOS-e820: [mem 0x00000000bffc0000-0x00000000bffdffff] reserved
[    0.000000] BIOS-e820: [mem 0x00000000bffe0000-0x00000000bffeffff] usable
[    0.000000] NX (Execute Disable) protection: active
[    0.000000] efi: EFI v2.40 by EDK II
[    0.000000] efi:  ACPI=0xbff35000  ACPI 2.0=0xbff35014  SMBIOS=0xbff38000  MPS=0xbff37000 
[    0.000000] SMBIOS 2.5 present.
[    0.000000] DMI: innotek GmbH VirtualBox/VirtualBox, BIOS VirtualBox 12/01/2006
[    0.000000] e820: update [mem 0x00000000-0x00000fff] usable ==> reserved
[    0.000000] e820: remove [mem 0x000a0000-0x000fffff] usable
[    0.000000] e820: last_pfn = 0xbfff0 max_arch_pfn = 0x400000000
[    0.000000] MTRR default type: uncachable
[    0.000000] MTRR variable ranges disabled:
[    0.000000] MTRR: Disabled
[    0.000000] x86/PAT: MTRRs disabled, skipping PAT initialization too.
[    0.000000] x86/PAT: Configuration [0-7]: WB  WT  UC- UC  WB  WT  UC- UC  
[    0.000000] CPU MTRRs all blank - virtualized system.
[    0.000000] found SMP MP-table at [mem 0x0009fff0-0x0009ffff] mapped at [ffff88000009fff0]
[    0.000000] Scanning 1 areas for low memory corruption
[    0.000000] Base memory trampoline at [ffff880000099000] 99000 size 24576
[    0.000000] BRK [0x03b1b000, 0x03b1bfff] PGTABLE
[    0.000000] BRK [0x03b1c000, 0x03b1cfff] PGTABLE
[    0.000000] BRK [0x03b1d000, 0x03b1dfff] PGTABLE
[    0.000000] BRK [0x03b1e000, 0x03b1efff] PGTABLE
[    0.000000] BRK [0x03b1f000, 0x03b1ffff] PGTABLE
[    0.000000] BRK [0x03b20000, 0x03b20fff] PGTABLE
[    0.000000] RAMDISK: [mem 0x7f29d000-0x7fffffff]
[    0.000000] ACPI: Early table checksum verification disabled
[    0.000000] ACPI: RSDP 0x00000000BFF35014 000024 (v02 VBOX  )
[    0.000000] ACPI: XSDT 0x00000000BFF340E8 000044 (v01 VBOX   VBOXFACP 00000001      01000013)
[    0.000000] ACPI: FACP 0x00000000BFF32000 0000F4 (v04 VBOX   VBOXFACP 00000001 ASL  00000061)
[    0.000000] ACPI: DSDT 0x00000000BFF2F000 00210F (v01 VBOX   VBOXBIOS 00000002 INTL 20100528)
[    0.000000] ACPI: FACS 0x00000000BFF39000 000040
[    0.000000] ACPI: FACS 0x00000000BFFF0200 000040
[    0.000000] ACPI: APIC 0x00000000BFF33000 00006C (v02 VBOX   VBOXAPIC 00000001 ASL  00000061)
[    0.000000] ACPI: SSDT 0x00000000BFF2E000 0001CC (v01 VBOX   VBOXCPUT 00000002 INTL 20100528)
[    0.000000] ACPI: BGRT 0x00000000BEE34000 000038 (v01 INTEL  EDK2     00000002      01000013)
[    0.000000] ACPI: Local APIC address 0xfee00000
[    0.000000] No NUMA configuration found
[    0.000000] Faking a node at [mem 0x0000000000000000-0x00000000bffeffff]
[    0.000000] NODE_DATA(0) allocated [mem 0xbffec000-0xbffeffff]
[    0.000000] Zone ranges:
[    0.000000]   DMA      [mem 0x0000000000001000-0x0000000000ffffff]
[    0.000000]   DMA32    [mem 0x0000000001000000-0x00000000bffeffff]
[    0.000000]   Normal   empty
[    0.000000] Movable zone start for each node
[    0.000000] Early memory node ranges
[    0.000000]   node   0: [mem 0x0000000000001000-0x000000000009ffff]
[    0.000000]   node   0: [mem 0x0000000000100000-0x00000000bee33fff]
[    0.000000]   node   0: [mem 0x00000000bee35000-0x00000000bfed5fff]
[    0.000000]   node   0: [mem 0x00000000bff3a000-0x00000000bffbffff]
[    0.000000]   node   0: [mem 0x00000000bffe0000-0x00000000bffeffff]
[    0.000000] Initmem setup node 0 [mem 0x0000000000001000-0x00000000bffeffff]
[    0.000000] On node 0 totalpages: 786186
[    0.000000]   DMA zone: 64 pages used for memmap
[    0.000000]   DMA zone: 22 pages reserved
[    0.000000]   DMA zone: 3999 pages, LIFO batch:0
[    0.000000]   DMA32 zone: 12224 pages used for memmap
[    0.000000]   DMA32 zone: 782187 pages, LIFO batch:31
[    0.000000] ACPI: PM-Timer IO Port: 0x4008
[    0.000000] ACPI: Local APIC address 0xfee00000
[    0.000000] IOAPIC[0]: apic_id 4, version 32, address 0xfec00000, GSI 0-23
[    0.000000] ACPI: INT_SRC_OVR (bus 0 bus_irq 0 global_irq 2 dfl dfl)
[    0.000000] ACPI: INT_SRC_OVR (bus 0 bus_irq 9 global_irq 9 high level)
[    0.000000] ACPI: IRQ0 used by override.
[    0.000000] ACPI: IRQ9 used by override.
[    0.000000] Using ACPI (MADT) for SMP configuration information
[    0.000000] smpboot: Allowing 4 CPUs, 0 hotplug CPUs
[    0.000000] PM: Registered nosave memory: [mem 0x00000000-0x00000fff]
[    0.000000] PM: Registered nosave memory: [mem 0x000a0000-0x000fffff]
[    0.000000] PM: Registered nosave memory: [mem 0xbee34000-0xbee34fff]
[    0.000000] PM: Registered nosave memory: [mem 0xbfed6000-0xbff2dfff]
[    0.000000] PM: Registered nosave memory: [mem 0xbff2e000-0xbff35fff]
[    0.000000] PM: Registered nosave memory: [mem 0xbff36000-0xbff39fff]
[    0.000000] PM: Registered nosave memory: [mem 0xbffc0000-0xbffdffff]
[    0.000000] e820: [mem 0xbfff0000-0xffffffff] available for PCI devices
[    0.000000] clocksource: refined-jiffies: mask: 0xffffffff max_cycles: 0xffffffff, max_idle_ns: 1910969940391419 ns
[    0.000000] setup_percpu: NR_CPUS:64 nr_cpumask_bits:64 nr_cpu_ids:4 nr_node_ids:1
[    0.000000] percpu: Embedded 34 pages/cpu @ffff8800be800000 s100568 r8192 d30504 u524288
[    0.000000] pcpu-alloc: s100568 r8192 d30504 u524288 alloc=1*2097152
[    0.000000] pcpu-alloc: [0] 0 1 2 3 
[    0.000000] Built 1 zonelists in Node order, mobility grouping on.  Total pages: 773876
[    0.000000] Policy zone: DMA32
[    0.000000] Kernel command line: initrd=\initrd.img-4.9.0-thor_kernel root=UUID=025f1b82-6d81-453d-92ba-588f86d9f3f1 rw
[    0.000000] PID hash table entries: 4096 (order: 3, 32768 bytes)
[    0.000000] Calgary: detecting Calgary via BIOS EBDA area
[    0.000000] Calgary: Unable to locate Rio Grande table in EBDA - bailing!
[    0.000000] Memory: 3036024K/3144744K available (9033K kernel code, 1200K rwdata, 2760K rodata, 1152K init, 776K bss, 108720K reserved, 0K cma-reserved)
[    0.000000] SLUB: HWalign=64, Order=0-3, MinObjects=0, CPUs=4, Nodes=1
[    0.000000] Hierarchical RCU implementation.
[    0.000000] 	Build-time adjustment of leaf fanout to 64.
[    0.000000] 	RCU restricting CPUs from NR_CPUS=64 to nr_cpu_ids=4.
[    0.000000] RCU: Adjusting geometry for rcu_fanout_leaf=64, nr_cpu_ids=4
[    0.000000] NR_IRQS:4352 nr_irqs:456 16
[    0.000000] Console: colour dummy device 80x25
[    0.000000] console [tty0] enabled
[    0.000000] tsc: Fast TSC calibration failed
[    0.000000] tsc: Unable to calibrate against PIT
[    0.000000] tsc: using PMTIMER reference calibration
[    0.000000] tsc: Detected 2893.408 MHz processor
[    0.000015] Calibrating delay loop (skipped), value calculated using timer frequency.. 5786.81 BogoMIPS (lpj=2893408)
[    0.000040] pid_max: default: 32768 minimum: 301
[    0.000052] ACPI: Core revision 20160831
[    0.000745] ACPI: 2 ACPI AML tables successfully acquired and loaded
[    0.001242] Security Framework initialized
[    0.001379] Dentry cache hash table entries: 524288 (order: 10, 4194304 bytes)
[    0.002124] Inode-cache hash table entries: 262144 (order: 9, 2097152 bytes)
[    0.002456] Mount-cache hash table entries: 8192 (order: 4, 65536 bytes)
[    0.002464] Mountpoint-cache hash table entries: 8192 (order: 4, 65536 bytes)
[    0.002649] CPU: Physical Processor ID: 0
[    0.002653] CPU: Processor Core ID: 0
[    0.002668] mce: CPU supports 0 MCE banks
[    0.002695] Last level iTLB entries: 4KB 512, 2MB 8, 4MB 8
[    0.002699] Last level dTLB entries: 4KB 512, 2MB 32, 4MB 32, 1GB 0
[    0.004429] Freeing SMP alternatives memory: 36K (ffffffff8204e000 - ffffffff82057000)
[    0.005076] smpboot: APIC(0) Converting physical 0 to logical package 0
[    0.005081] smpboot: Max logical packages: 1
[    0.006165] ..TIMER: vector=0x30 apic1=0 pin1=2 apic2=-1 pin2=-1
[    0.118872] smpboot: CPU0: Intel(R) Core(TM) i5-3470S CPU @ 2.90GHz (family: 0x6, model: 0x3a, stepping: 0x9)
[    0.118938] Performance Events: unsupported p6 CPU model 58 no PMU driver, software events only.
[    0.120278] x86: Booting SMP configuration:
[    0.120296] .... node  #0, CPUs:      #1
[    0.120744] mce: CPU supports 0 MCE banks
[    0.181620]  #2
[    0.181959] mce: CPU supports 0 MCE banks
[    0.243447]  #3
[    0.243449] mce: CPU supports 0 MCE banks
[    0.304493] x86: Booted up 1 node, 4 CPUs
[    0.304502] smpboot: Total of 4 processors activated (23004.14 BogoMIPS)
[    0.305027] devtmpfs: initialized
[    0.305341] PM: Registering ACPI NVS region [mem 0xbff36000-0xbff39fff] (16384 bytes)
[    0.305490] clocksource: jiffies: mask: 0xffffffff max_cycles: 0xffffffff, max_idle_ns: 1911260446275000 ns
[    0.305620] RTC time:  1:30:13, date: 12/08/16
[    0.305702] NET: Registered protocol family 16
[    0.309376] cpuidle: using governor menu
[    0.309737] ACPI: bus type PCI registered
[    0.309830] PCI: Using configuration type 1 for base access
[    0.315780] HugeTLB registered 2 MB page size, pre-allocated 0 pages
[    0.316469] ACPI: Added _OSI(Module Device)
[    0.316475] ACPI: Added _OSI(Processor Device)
[    0.316479] ACPI: Added _OSI(3.0 _SCP Extensions)
[    0.316483] ACPI: Added _OSI(Processor Aggregator Device)
[    0.316759] ACPI: Executed 1 blocks of module-level executable AML code
[    0.318728] ACPI: Interpreter enabled
[    0.318741] ACPI: (supports S0 S5)
[    0.318745] ACPI: Using IOAPIC for interrupt routing
[    0.318868] PCI: Using host bridge windows from ACPI; if necessary, use "pci=nocrs" and report a bug
[    0.323729] ACPI: PCI Root Bridge [PCI0] (domain 0000 [bus 00-ff])
[    0.323740] acpi PNP0A03:00: _OSC: OS supports [ASPM ClockPM Segments MSI]
[    0.323748] acpi PNP0A03:00: _OSC failed (AE_NOT_FOUND); disabling ASPM
[    0.323757] acpi PNP0A03:00: fail to add MMCONFIG information, can't access extended PCI configuration space under this bridge.
[    0.323978] PCI host bridge to bus 0000:00
[    0.323985] pci_bus 0000:00: root bus resource [io  0x0000-0x0cf7 window]
[    0.323990] pci_bus 0000:00: root bus resource [io  0x0d00-0xffff window]
[    0.323995] pci_bus 0000:00: root bus resource [mem 0x000a0000-0x000bffff window]
[    0.324001] pci_bus 0000:00: root bus resource [mem 0xc0000000-0xffdfffff window]
[    0.324007] pci_bus 0000:00: root bus resource [bus 00-ff]
[    0.324058] pci 0000:00:00.0: [8086:1237] type 00 class 0x060000
[    0.324827] pci 0000:00:01.0: [8086:7000] type 00 class 0x060100
[    0.326280] pci 0000:00:01.1: [8086:7111] type 00 class 0x01018a
[    0.326721] pci 0000:00:01.1: reg 0x20: [io  0xc170-0xc17f]
[    0.326937] pci 0000:00:01.1: legacy IDE quirk: reg 0x10: [io  0x01f0-0x01f7]
[    0.326944] pci 0000:00:01.1: legacy IDE quirk: reg 0x14: [io  0x03f6]
[    0.326949] pci 0000:00:01.1: legacy IDE quirk: reg 0x18: [io  0x0170-0x0177]
[    0.326953] pci 0000:00:01.1: legacy IDE quirk: reg 0x1c: [io  0x0376]
[    0.327370] pci 0000:00:02.0: [80ee:beef] type 00 class 0x030000
[    0.330917] pci 0000:00:02.0: reg 0x10: [mem 0xc0000000-0xc0ffffff pref]
[    0.342527] pci 0000:00:03.0: [8086:100e] type 00 class 0x020000
[    0.344115] pci 0000:00:03.0: reg 0x10: [mem 0xc1400000-0xc141ffff]
[    0.347100] pci 0000:00:03.0: reg 0x18: [io  0xc190-0xc197]
[    0.353445] pci 0000:00:04.0: [80ee:cafe] type 00 class 0x088000
[    0.354937] pci 0000:00:04.0: reg 0x10: [io  0xc140-0xc15f]
[    0.356122] pci 0000:00:04.0: reg 0x14: [mem 0xc1000000-0xc13fffff]
[    0.357833] pci 0000:00:04.0: reg 0x18: [mem 0xc1420000-0xc1423fff pref]
[    0.366170] pci 0000:00:05.0: [8086:2415] type 00 class 0x040100
[    0.366264] pci 0000:00:05.0: reg 0x10: [io  0xc000-0xc0ff]
[    0.366329] pci 0000:00:05.0: reg 0x14: [io  0xc100-0xc13f]
[    0.366952] pci 0000:00:06.0: [106b:003f] type 00 class 0x0c0310
[    0.368095] pci 0000:00:06.0: reg 0x10: [mem 0xc1426000-0xc1426fff]
[    0.377221] pci 0000:00:07.0: [8086:7113] type 00 class 0x068000
[    0.377667] pci 0000:00:07.0: quirk: [io  0x4000-0x403f] claimed by PIIX4 ACPI
[    0.378096] pci 0000:00:0d.0: [8086:2829] type 00 class 0x010601
[    0.379648] pci 0000:00:0d.0: reg 0x10: [io  0xc188-0xc18f]
[    0.382747] pci 0000:00:0d.0: reg 0x18: [io  0xc180-0xc187]
[    0.385552] pci 0000:00:0d.0: reg 0x20: [io  0xc160-0xc16f]
[    0.386923] pci 0000:00:0d.0: reg 0x24: [mem 0xc1424000-0xc1425fff]
[    0.389945] ACPI: PCI Interrupt Link [LNKA] (IRQs 5 9 10 *11)
[    0.390380] ACPI: PCI Interrupt Link [LNKB] (IRQs 5 9 10 *11)
[    0.390466] ACPI: PCI Interrupt Link [LNKC] (IRQs 5 9 *10 11)
[    0.390548] ACPI: PCI Interrupt Link [LNKD] (IRQs 5 9 *10 11)
[    0.390815] ACPI: Enabled 2 GPEs in block 00 to 07
[    0.391110] vgaarb: setting as boot device: PCI:0000:00:02.0
[    0.391115] vgaarb: device added: PCI:0000:00:02.0,decodes=io+mem,owns=io+mem,locks=none
[    0.391121] vgaarb: loaded
[    0.391125] vgaarb: bridge control possible 0000:00:02.0
[    0.391186] SCSI subsystem initialized
[    0.391364] libata version 3.00 loaded.
[    0.391399] ACPI: bus type USB registered
[    0.391424] usbcore: registered new interface driver usbfs
[    0.391434] usbcore: registered new interface driver hub
[    0.391629] usbcore: registered new device driver usb
[    0.391645] pps_core: LinuxPPS API ver. 1 registered
[    0.391649] pps_core: Software ver. 5.3.6 - Copyright 2005-2007 Rodolfo Giometti <giometti@linux.it>
[    0.391657] PTP clock support registered
[    0.391879] Registered efivars operations
[    0.407654] Advanced Linux Sound Architecture Driver Initialized.
[    0.407687] PCI: Using ACPI for IRQ routing
[    0.407691] PCI: pci_cache_line_size set to 64 bytes
[    0.407864] e820: reserve RAM buffer [mem 0xbee34000-0xbfffffff]
[    0.407868] e820: reserve RAM buffer [mem 0xbfed6000-0xbfffffff]
[    0.407870] e820: reserve RAM buffer [mem 0xbffc0000-0xbfffffff]
[    0.407872] e820: reserve RAM buffer [mem 0xbfff0000-0xbfffffff]
[    0.408221] NetLabel: Initializing
[    0.408226] NetLabel:  domain hash size = 128
[    0.408230] NetLabel:  protocols = UNLABELED CIPSOv4
[    0.408292] NetLabel:  unlabeled traffic allowed by default
[    0.409141] clocksource: Switched to clocksource refined-jiffies
[    0.414325] VFS: Disk quotas dquot_6.6.0
[    0.414342] VFS: Dquot-cache hash table entries: 512 (order 0, 4096 bytes)
[    0.414425] pnp: PnP ACPI init
[    0.414480] pnp 00:00: Plug and Play ACPI device, IDs PNP0303 (active)
[    0.414586] pnp 00:01: Plug and Play ACPI device, IDs PNP0f03 (active)
[    0.415208] pnp: PnP ACPI: found 2 devices
[    0.427244] clocksource: acpi_pm: mask: 0xffffff max_cycles: 0xffffff, max_idle_ns: 2085701024 ns
[    0.427404] clocksource: Switched to clocksource acpi_pm
[    0.427416] pci_bus 0000:00: resource 4 [io  0x0000-0x0cf7 window]
[    0.427418] pci_bus 0000:00: resource 5 [io  0x0d00-0xffff window]
[    0.427421] pci_bus 0000:00: resource 6 [mem 0x000a0000-0x000bffff window]
[    0.427423] pci_bus 0000:00: resource 7 [mem 0xc0000000-0xffdfffff window]
[    0.427459] NET: Registered protocol family 2
[    0.427603] TCP established hash table entries: 32768 (order: 6, 262144 bytes)
[    0.427665] TCP bind hash table entries: 32768 (order: 7, 524288 bytes)
[    0.427727] TCP: Hash tables configured (established 32768 bind 32768)
[    0.427751] UDP hash table entries: 2048 (order: 4, 65536 bytes)
[    0.427767] UDP-Lite hash table entries: 2048 (order: 4, 65536 bytes)
[    0.427804] NET: Registered protocol family 1
[    0.428201] RPC: Registered named UNIX socket transport module.
[    0.428207] RPC: Registered udp transport module.
[    0.428210] RPC: Registered tcp transport module.
[    0.428214] RPC: Registered tcp NFSv4.1 backchannel transport module.
[    0.428222] pci 0000:00:00.0: Limiting direct PCI/PCI transfers
[    0.428243] pci 0000:00:01.0: Activating ISA DMA hang workarounds
[    0.428352] pci 0000:00:02.0: Video device with shadowed ROM at [mem 0x000c0000-0x000dffff]
[    0.429258] PCI: CLS 0 bytes, default 64
[    0.429298] Unpacking initramfs...
[    0.458650] hrtimer: interrupt took 3590959 ns
[    0.603203] Freeing initrd memory: 13708K (ffff88007f29d000 - ffff880080000000)
[    0.603603] RAPL PMU: API unit is 2^-32 Joules, 3 fixed counters, 10737418240 ms ovfl timer
[    0.603610] RAPL PMU: hw unit of domain pp0-core 2^-0 Joules
[    0.603614] RAPL PMU: hw unit of domain package 2^-0 Joules
[    0.603618] RAPL PMU: hw unit of domain pp1-gpu 2^-0 Joules
[    0.603664] platform rtc_cmos: registered platform RTC device (no PNP device found)
[    0.604511] Scanning for low memory corruption every 60 seconds
[    0.604742] futex hash table entries: 1024 (order: 4, 65536 bytes)
[    0.605252] workingset: timestamp_bits=56 max_order=20 bucket_order=0
[    0.607212] NFS: Registering the id_resolver key type
[    0.607229] Key type id_resolver registered
[    0.607233] Key type id_legacy registered
[    0.607585] cryptomgr_test (44) used greatest stack depth: 15424 bytes left
[    0.612559] Block layer SCSI generic (bsg) driver version 0.4 loaded (major 251)
[    0.612566] io scheduler noop registered
[    0.612570] io scheduler deadline registered
[    0.612579] io scheduler cfq registered (default)
[    0.612627] pci_hotplug: PCI Hot Plug PCI Core version: 0.5
[    0.612638] efifb: probing for efifb
[    0.612650] efifb: framebuffer at 0xc0000000, using 3072k, total 3072k
[    0.612654] efifb: mode is 1024x768x32, linelength=4096, pages=1
[    0.612658] efifb: scrolling: redraw
[    0.612662] efifb: Truecolor: size=8:8:8:8, shift=24:16:8:0
[    0.615668] Console: switching to colour frame buffer device 128x48
[    0.617010] fb0: EFI VGA frame buffer device
[    0.617320] ACPI: AC Adapter [AC] (on-line)
[    0.617440] input: Power Button as /devices/LNXSYSTM:00/LNXPWRBN:00/input/input0
[    0.617464] ACPI: Power Button [PWRF]
[    0.617536] input: Sleep Button as /devices/LNXSYSTM:00/LNXSLPBN:00/input/input1
[    0.617558] ACPI: Sleep Button [SLPF]
[    0.617640] ACPI: Video Device [GFX0] (multi-head: yes  rom: no  post: no)
[    0.617702] input: Video Bus as /devices/LNXSYSTM:00/LNXSYBUS:00/PNP0A03:00/LNXVIDEO:00/input/input2
[    0.618209] Serial: 8250/16550 driver, 4 ports, IRQ sharing enabled
[    0.619070] Non-volatile memory driver v1.3
[    0.619178] Linux agpgart interface v0.103
[    0.619259] [drm] Initialized
[    0.622731] loop: module loaded
[    0.622883] ahci 0000:00:0d.0: version 3.0
[    0.623368] ahci 0000:00:0d.0: SSS flag set, parallel bus scan disabled
[    0.623612] ahci 0000:00:0d.0: AHCI 0001.0100 32 slots 1 ports 3 Gbps 0x1 impl SATA mode
[    0.623679] ahci 0000:00:0d.0: flags: 64bit ncq stag only ccc 
[    0.624146] scsi host0: ahci
[    0.624265] ata1: SATA max UDMA/133 abar m8192@0xc1424000 port 0xc1424100 irq 21
[    0.626177] ata_piix 0000:00:01.1: version 2.13
[    0.626785] scsi host1: ata_piix
[    0.628066] scsi host2: ata_piix
[    0.628578] ata2: PATA max UDMA/33 cmd 0x1f0 ctl 0x3f6 bmdma 0xc170 irq 14
[    0.629089] ata3: PATA max UDMA/33 cmd 0x170 ctl 0x376 bmdma 0xc178 irq 15
[    0.630369] e100: Intel(R) PRO/100 Network Driver, 3.5.24-k2-NAPI
[    0.630964] e100: Copyright(c) 1999-2006 Intel Corporation
[    0.631368] e1000: Intel(R) PRO/1000 Network Driver - version 7.3.21-k8-NAPI
[    0.631898] e1000: Copyright (c) 1999-2006 Intel Corporation.
[    0.787893] ata3.00: ATAPI: VBOX CD-ROM, 1.0, max UDMA/133
[    0.790799] ata3.00: configured for UDMA/33
[    0.938343] ata1: SATA link up 3.0 Gbps (SStatus 123 SControl 300)
[    0.940918] ata1.00: ATA-6: VBOX HARDDISK, 1.0, max UDMA/133
[    0.941450] ata1.00: 536870912 sectors, multi 128: LBA48 NCQ (depth 31/32)
[    0.942304] ata1.00: configured for UDMA/133
[    0.943125] scsi 0:0:0:0: Direct-Access     ATA      VBOX HARDDISK    1.0  PQ: 0 ANSI: 5
[    1.423425] sd 0:0:0:0: Attached scsi generic sg0 type 0
[    1.424493] sd 0:0:0:0: [sda] 536870912 512-byte logical blocks: (275 GB/256 GiB)
[    1.424940] sd 0:0:0:0: [sda] Write Protect is off
[    1.424943] sd 0:0:0:0: [sda] Mode Sense: 00 3a 00 00
[    1.425132] sd 0:0:0:0: [sda] Write cache: enabled, read cache: enabled, doesn't support DPO or FUA
[    1.428248] scsi 2:0:0:0: CD-ROM            VBOX     CD-ROM           1.0  PQ: 0 ANSI: 5
[    1.433244]  sda: sda1 sda2 sda3
[    1.434640] sd 0:0:0:0: [sda] Attached SCSI disk
[    1.436368] e1000 0000:00:03.0 eth0: (PCI:33MHz:32-bit) 08:00:27:32:07:00
[    1.438656] e1000 0000:00:03.0 eth0: Intel(R) PRO/1000 Network Connection
[    1.439252] e1000e: Intel(R) PRO/1000 Network Driver - 3.2.6-k
[    1.439370] e1000e: Copyright(c) 1999 - 2015 Intel Corporation.
[    1.441091] sky2: driver version 1.30
[    1.441187] sr 2:0:0:0: [sr0] scsi3-mmc drive: 32x/32x xa/form2 tray
[    1.441191] cdrom: Uniform CD-ROM driver Revision: 3.20
[    1.441348] sr 2:0:0:0: Attached scsi CD-ROM sr0
[    1.441660] sr 2:0:0:0: Attached scsi generic sg1 type 5
[    1.443587] ehci_hcd: USB 2.0 'Enhanced' Host Controller (EHCI) Driver
[    1.444102] ehci-pci: EHCI PCI platform driver
[    1.444416] ohci_hcd: USB 1.1 'Open' Host Controller (OHCI) Driver
[    1.444914] ohci-pci: OHCI PCI platform driver
[    1.445853] ohci-pci 0000:00:06.0: OHCI PCI host controller
[    1.446580] ohci-pci 0000:00:06.0: new USB bus registered, assigned bus number 1
[    1.447173] ohci-pci 0000:00:06.0: irq 22, io mem 0xc1426000
[    2.416565] tsc: Refined TSC clocksource calibration: 2893.407 MHz
[    2.418638] clocksource: tsc: mask: 0xffffffffffffffff max_cycles: 0x29b4eef41a6, max_idle_ns: 440795231367 ns
[    2.419572] usb usb1: New USB device found, idVendor=1d6b, idProduct=0001
[    2.420126] usb usb1: New USB device strings: Mfr=3, Product=2, SerialNumber=1
[    2.420368] usb usb1: Product: OHCI PCI host controller
[    2.421375] usb usb1: Manufacturer: Linux 4.9.0-thor_kernel-00051-gbc3913a5378c-dirty ohci_hcd
[    2.422021] usb usb1: SerialNumber: 0000:00:06.0
[    2.423457] hub 1-0:1.0: USB hub found
[    2.424023] hub 1-0:1.0: 12 ports detected
[    2.424794] uhci_hcd: USB Universal Host Controller Interface driver
[    2.425368] usbcore: registered new interface driver usblp
[    2.425962] usbcore: registered new interface driver usb-storage
[    2.426429] i8042: PNP: PS/2 Controller [PNP0303:PS2K,PNP0f03:PS2M] at 0x60,0x64 irq 1,12
[    2.427574] serio: i8042 KBD port at 0x60,0x64 irq 1
[    2.428110] serio: i8042 AUX port at 0x60,0x64 irq 12
[    2.428826] mousedev: PS/2 mouse device common for all mice
[    2.430374] rtc_cmos rtc_cmos: rtc core: registered rtc_cmos as rtc0
[    2.431050] input: AT Translated Set 2 keyboard as /devices/platform/i8042/serio0/input/input3
[    2.431643] rtc_cmos rtc_cmos: alarms up to one day, 114 bytes nvram
[    2.432649] device-mapper: ioctl: 4.35.0-ioctl (2016-06-23) initialised: dm-devel@redhat.com
[    2.433236] EFI Variables Facility v0.08 2004-May-17
[    2.451488] hidraw: raw HID events driver (C) Jiri Kosina
[    2.453543] usbcore: registered new interface driver usbhid
[    2.454071] usbhid: USB HID core driver
[    2.455283] Netfilter messages via NETLINK v0.30.
[    2.458180] modprobe (93) used greatest stack depth: 14320 bytes left
[    2.458324] nf_conntrack version 0.5.0 (16384 buckets, 65536 max)
[    2.458369] ctnetlink v0.93: registering with nfnetlink.
[    2.462994] ip_tables: (C) 2000-2006 Netfilter Core Team
[    2.464071] Initializing XFRM netlink socket
[    2.464704] NET: Registered protocol family 10
[    2.465811] ip6_tables: (C) 2000-2006 Netfilter Core Team
[    2.467906] sit: IPv6, IPv4 and MPLS over IPv4 tunneling driver
[    2.468554] NET: Registered protocol family 17
[    2.469091] Key type dns_resolver registered
[    2.469745] microcode: sig=0x306a9, pf=0x2, revision=0x19
[    2.470521] microcode: Microcode Update Driver: v2.01 <tigran@aivazian.fsnet.co.uk>, Peter Oruba
[    2.471500] registered taskstats version 1
[    2.472298]   Magic number: 12:218:508
[    2.472758] pci 0000:00:01.0: hash matches
[    2.473294] console [netcon0] enabled
[    2.473731] netconsole: network logging started
[    2.474339] PM: Hibernation image not present or could not be loaded.
[    2.474341] ALSA device list:
[    2.474829]   No soundcards found.
[    2.476782] Freeing unused kernel memory: 1152K (ffffffff81f2e000 - ffffffff8204e000)
[    2.479689] Write protecting the kernel read-only data: 14336k
[    2.481316] Freeing unused kernel memory: 1184K (ffff8800032d8000 - ffff880003400000)
[    2.484582] Freeing unused kernel memory: 1336K (ffff8800036b2000 - ffff880003800000)
[    2.492483] systemd-udevd (100) used greatest stack depth: 14288 bytes left
[    2.492685] random: systemd-udevd: uninitialized urandom read (16 bytes read)
[    2.492749] random: systemd-udevd: uninitialized urandom read (16 bytes read)
[    2.492758] random: systemd-udevd: uninitialized urandom read (16 bytes read)
[    2.492767] random: systemd-udevd: uninitialized urandom read (16 bytes read)
[    2.492780] random: systemd-udevd: uninitialized urandom read (16 bytes read)
[    2.494685] random: udevadm: uninitialized urandom read (16 bytes read)
[    2.494716] random: udevadm: uninitialized urandom read (16 bytes read)
[    2.495244] random: udevadm: uninitialized urandom read (16 bytes read)
[    2.495258] random: udevadm: uninitialized urandom read (16 bytes read)
[    2.495304] random: udevadm: uninitialized urandom read (16 bytes read)
[    2.518468] udevadm (102) used greatest stack depth: 14032 bytes left
[    2.534901] ata_id (116) used greatest stack depth: 14000 bytes left
[    2.580907] cdrom_id (123) used greatest stack depth: 13176 bytes left
[    3.419559] random: fast init done
[    3.426486] clocksource: Switched to clocksource tsc
[    3.428289] input: ImExPS/2 Generic Explorer Mouse as /devices/platform/i8042/serio1/input/input5
[    3.628155] EXT4-fs (sda2): mounted filesystem with ordered data mode. Opts: (null)
[    3.655528] usb 1-1: new full-speed USB device number 2 using ohci-pci
[    4.017666] usb 1-1: New USB device found, idVendor=80ee, idProduct=0021
[    4.019478] usb 1-1: New USB device strings: Mfr=1, Product=3, SerialNumber=0
[    4.019530] usb 1-1: Product: USB Tablet
[    4.020367] usb 1-1: Manufacturer: VirtualBox
[    4.037376] input: VirtualBox USB Tablet as /devices/pci0000:00/0000:00:06.0/usb1/1-1/1-1:1.0/0003:80EE:0021.0001/input/input6
[    4.039209] hid-generic 0003:80EE:0021.0001: input,hidraw0: USB HID v1.10 Mouse [VirtualBox USB Tablet] on usb-0000:00:06.0-1/input0
[    4.841518] systemd[1]: systemd 231 running in system mode. (-PAM -AUDIT -SELINUX +IMA -APPARMOR +SMACK +SYSVINIT +UTMP -LIBCRYPTSETUP -GCRYPT -GNUTLS +ACL +XZ -LZ4 -SECCOMP +BLKID -ELFUTILS +KMOD -IDN)
[    4.844991] systemd[1]: Detected virtualization oracle.
[    4.845373] systemd[1]: Detected architecture x86-64.
[    4.849264] systemd[1]: Set hostname to <aastruc>.
[    4.984216] systemd[1]: tmp.mount: Cannot add dependency job, ignoring: Unit tmp.mount is masked.
[    4.986915] systemd[1]: tmp.mount: Cannot add dependency job, ignoring: Unit tmp.mount is masked.
[    4.988037] systemd[1]: Set up automount Arbitrary Executable File Formats File System Automount Point.
[    4.989108] systemd[1]: Listening on /dev/initctl Compatibility Named Pipe.
[    4.990111] systemd[1]: Started Forward Password Requests to Wall Directory Watch.
[    4.991119] systemd[1]: Started Dispatch Password Requests to Console Directory Watch.
[    5.212804] EXT4-fs (sda2): re-mounted. Opts: data=ordered
[    5.372052] systemd-journald[159]: Received request to flush runtime journal from PID 1
[    5.374371] Adding 6290408k swap on /dev/sda3.  Priority:-1 extents:1 across:6290408k 
[    5.434465] FAT-fs (sda1): Volume was not properly unmounted. Some data may be corrupt. Please run fsck.
[    5.590053] random: crng init done
[    5.646110] e1000 0000:00:03.0 enp0s3: renamed from eth0
[    5.844286] IPv6: ADDRCONF(NETDEV_UP): enp0s3: link is not ready
[    5.845861] e1000: enp0s3 NIC Link is Up 1000 Mbps Full Duplex, Flow Control: RX
[    5.846728] IPv6: ADDRCONF(NETDEV_CHANGE): enp0s3: link becomes ready
[    5.858713] systemd-udevd (212) used greatest stack depth: 13168 bytes left
