[    0.000000] Linux version 4.18.0-rc2-next-20180702 (root@aastruc) (gcc version 6.2.0 (GCC)) #1 SMP Mon Jul 2 16:06:00 CEST 2018
[    0.000000] Command line: initrd=\initrd.img-next root=UUID=025f1b82-6d81-453d-92ba-588f86d9f3f1 rw
[    0.000000] x86/fpu: Supporting XSAVE feature 0x001: 'x87 floating point registers'
[    0.000000] x86/fpu: Supporting XSAVE feature 0x002: 'SSE registers'
[    0.000000] x86/fpu: Supporting XSAVE feature 0x004: 'AVX registers'
[    0.000000] x86/fpu: xstate_offset[2]:  576, xstate_sizes[2]:  256
[    0.000000] x86/fpu: Enabled xstate features 0x7, context size is 832 bytes, using 'standard' format.
[    0.000000] BIOS-provided physical RAM map:
[    0.000000] BIOS-e820: [mem 0x0000000000000000-0x000000000009ffff] usable
[    0.000000] BIOS-e820: [mem 0x0000000000100000-0x00000000dee54fff] usable
[    0.000000] BIOS-e820: [mem 0x00000000dee55000-0x00000000dee55fff] ACPI data
[    0.000000] BIOS-e820: [mem 0x00000000dee56000-0x00000000dfed5fff] usable
[    0.000000] BIOS-e820: [mem 0x00000000dfed6000-0x00000000dff2dfff] reserved
[    0.000000] BIOS-e820: [mem 0x00000000dff2e000-0x00000000dff35fff] ACPI data
[    0.000000] BIOS-e820: [mem 0x00000000dff36000-0x00000000dff39fff] ACPI NVS
[    0.000000] BIOS-e820: [mem 0x00000000dff3a000-0x00000000dffbffff] usable
[    0.000000] BIOS-e820: [mem 0x00000000dffc0000-0x00000000dffdffff] reserved
[    0.000000] BIOS-e820: [mem 0x00000000dffe0000-0x00000000dffeffff] usable
[    0.000000] BIOS-e820: [mem 0x0000000100000000-0x000000011fffffff] usable
[    0.000000] NX (Execute Disable) protection: active
[    0.000000] efi: EFI v2.40 by EDK II
[    0.000000] efi:  ACPI=0xdff35000  ACPI 2.0=0xdff35014  SMBIOS=0xdff38000  MPS=0xdff37000 
[    0.000000] SMBIOS 2.5 present.
[    0.000000] DMI: innotek GmbH VirtualBox/VirtualBox, BIOS VirtualBox 12/01/2006
[    0.000000] e820: update [mem 0x00000000-0x00000fff] usable ==> reserved
[    0.000000] e820: remove [mem 0x000a0000-0x000fffff] usable
[    0.000000] last_pfn = 0x120000 max_arch_pfn = 0x400000000
[    0.000000] MTRR default type: uncachable
[    0.000000] MTRR variable ranges disabled:
[    0.000000] Disabled
[    0.000000] x86/PAT: MTRRs disabled, skipping PAT initialization too.
[    0.000000] CPU MTRRs all blank - virtualized system.
[    0.000000] x86/PAT: Configuration [0-7]: WB  WT  UC- UC  WB  WT  UC- UC  
[    0.000000] last_pfn = 0xdfff0 max_arch_pfn = 0x400000000
[    0.000000] found SMP MP-table at [mem 0x0009fff0-0x0009ffff] mapped at [(____ptrval____)]
[    0.000000] Scanning 1 areas for low memory corruption
[    0.000000] Base memory trampoline at [(____ptrval____)] 99000 size 24576
[    0.000000] BRK [0x042eb000, 0x042ebfff] PGTABLE
[    0.000000] BRK [0x042ec000, 0x042ecfff] PGTABLE
[    0.000000] BRK [0x042ed000, 0x042edfff] PGTABLE
[    0.000000] BRK [0x042ee000, 0x042eefff] PGTABLE
[    0.000000] BRK [0x042ef000, 0x042effff] PGTABLE
[    0.000000] Secure boot disabled
[    0.000000] RAMDISK: [mem 0x7f29b000-0x7fffefff]
[    0.000000] ACPI: Early table checksum verification disabled
[    0.000000] ACPI: RSDP 0x00000000DFF35014 000024 (v02 VBOX  )
[    0.000000] ACPI: XSDT 0x00000000DFF340E8 000044 (v01 VBOX   VBOXFACP 00000001      01000013)
[    0.000000] ACPI: FACP 0x00000000DFF32000 0000F4 (v04 VBOX   VBOXFACP 00000001 ASL  00000061)
[    0.000000] ACPI: DSDT 0x00000000DFF2F000 0021FF (v02 VBOX   VBOXBIOS 00000002 INTL 20100528)
[    0.000000] ACPI: FACS 0x00000000DFF39000 000040
[    0.000000] ACPI: FACS 0x00000000DFFF0200 000040
[    0.000000] ACPI: APIC 0x00000000DFF33000 00006C (v02 VBOX   VBOXAPIC 00000001 ASL  00000061)
[    0.000000] ACPI: SSDT 0x00000000DFF2E000 0001CC (v01 VBOX   VBOXCPUT 00000002 INTL 20100528)
[    0.000000] ACPI: BGRT 0x00000000DEE55000 000038 (v01 INTEL  EDK2     00000002      01000013)
[    0.000000] ACPI: Local APIC address 0xfee00000
[    0.000000] No NUMA configuration found
[    0.000000] Faking a node at [mem 0x0000000000000000-0x000000011fffffff]
[    0.000000] NODE_DATA(0) allocated [mem 0x11fff8000-0x11fffbfff]
[    0.000000] tsc: Fast TSC calibration using PIT
[    0.000000] Zone ranges:
[    0.000000]   DMA      [mem 0x0000000000001000-0x0000000000ffffff]
[    0.000000]   DMA32    [mem 0x0000000001000000-0x00000000ffffffff]
[    0.000000]   Normal   [mem 0x0000000100000000-0x000000011fffffff]
[    0.000000] Movable zone start for each node
[    0.000000] Early memory node ranges
[    0.000000]   node   0: [mem 0x0000000000001000-0x000000000009ffff]
[    0.000000]   node   0: [mem 0x0000000000100000-0x00000000dee54fff]
[    0.000000]   node   0: [mem 0x00000000dee56000-0x00000000dfed5fff]
[    0.000000]   node   0: [mem 0x00000000dff3a000-0x00000000dffbffff]
[    0.000000]   node   0: [mem 0x00000000dffe0000-0x00000000dffeffff]
[    0.000000]   node   0: [mem 0x0000000100000000-0x000000011fffffff]
[    0.000000] Initmem setup node 0 [mem 0x0000000000001000-0x000000011fffffff]
[    0.000000] On node 0 totalpages: 1048330
[    0.000000]   DMA zone: 64 pages used for memmap
[    0.000000]   DMA zone: 22 pages reserved
[    0.000000]   DMA zone: 3999 pages, LIFO batch:0
[    0.000000]   DMA32 zone: 14270 pages used for memmap
[    0.000000]   DMA32 zone: 913259 pages, LIFO batch:31
[    0.000000]   Normal zone: 2048 pages used for memmap
[    0.000000]   Normal zone: 131072 pages, LIFO batch:31
[    0.000000] Reserved but unavailable: 246 pages
[    0.000000] ACPI: PM-Timer IO Port: 0x4008
[    0.000000] ACPI: Local APIC address 0xfee00000
[    0.000000] IOAPIC[0]: apic_id 4, version 32, address 0xfec00000, GSI 0-23
[    0.000000] ACPI: INT_SRC_OVR (bus 0 bus_irq 0 global_irq 2 dfl dfl)
[    0.000000] ACPI: INT_SRC_OVR (bus 0 bus_irq 9 global_irq 9 low level)
[    0.000000] ACPI: IRQ0 used by override.
[    0.000000] ACPI: IRQ9 used by override.
[    0.000000] Using ACPI (MADT) for SMP configuration information
[    0.000000] smpboot: Allowing 4 CPUs, 0 hotplug CPUs
[    0.000000] PM: Registered nosave memory: [mem 0x00000000-0x00000fff]
[    0.000000] PM: Registered nosave memory: [mem 0x000a0000-0x000fffff]
[    0.000000] PM: Registered nosave memory: [mem 0xdee55000-0xdee55fff]
[    0.000000] PM: Registered nosave memory: [mem 0xdfed6000-0xdff2dfff]
[    0.000000] PM: Registered nosave memory: [mem 0xdff2e000-0xdff35fff]
[    0.000000] PM: Registered nosave memory: [mem 0xdff36000-0xdff39fff]
[    0.000000] PM: Registered nosave memory: [mem 0xdffc0000-0xdffdffff]
[    0.000000] PM: Registered nosave memory: [mem 0xdfff0000-0xffffffff]
[    0.000000] [mem 0xdfff0000-0xffffffff] available for PCI devices
[    0.000000] clocksource: refined-jiffies: mask: 0xffffffff max_cycles: 0xffffffff, max_idle_ns: 1910969940391419 ns
[    0.000000] random: get_random_bytes called from start_kernel+0x8b/0x495 with crng_init=0
[    0.000000] setup_percpu: NR_CPUS:64 nr_cpumask_bits:64 nr_cpu_ids:4 nr_node_ids:1
[    0.000000] percpu: Embedded 43 pages/cpu @(____ptrval____) s137816 r8192 d30120 u524288
[    0.000000] pcpu-alloc: s137816 r8192 d30120 u524288 alloc=1*2097152
[    0.000000] pcpu-alloc: [0] 0 1 2 3 
[    0.000000] Built 1 zonelists, mobility grouping on.  Total pages: 1031926
[    0.000000] Policy zone: Normal
[    0.000000] Kernel command line: initrd=\initrd.img-next root=UUID=025f1b82-6d81-453d-92ba-588f86d9f3f1 rw
[    0.000000] Calgary: detecting Calgary via BIOS EBDA area
[    0.000000] Calgary: Unable to locate Rio Grande table in EBDA - bailing!
[    0.000000] Memory: 3997104K/4193320K available (12300K kernel code, 1256K rwdata, 3056K rodata, 1240K init, 580K bss, 196216K reserved, 0K cma-reserved)
[    0.000000] SLUB: HWalign=64, Order=0-3, MinObjects=0, CPUs=4, Nodes=1
[    0.000000] Kernel/User page tables isolation: enabled
[    0.000000] rcu: Hierarchical RCU implementation.
[    0.000000] rcu: 	RCU restricting CPUs from NR_CPUS=64 to nr_cpu_ids=4.
[    0.000000] rcu: Adjusting geometry for rcu_fanout_leaf=16, nr_cpu_ids=4
[    0.000000] NR_IRQS: 4352, nr_irqs: 456, preallocated irqs: 16
[    0.000000] Console: colour dummy device 80x25
[    0.000000] console [tty0] enabled
[    0.000000] ACPI: Core revision 20180531
[    0.000000] APIC: Switch to symmetric I/O mode setup
[    0.000000] ..TIMER: vector=0x30 apic1=0 pin1=2 apic2=-1 pin2=-1
[    0.005000] tsc: Fast TSC calibration using PIT
[    0.006000] tsc: Detected 2194.871 MHz processor
[    0.006000] clocksource: tsc-early: mask: 0xffffffffffffffff max_cycles: 0x1fa34587ff4, max_idle_ns: 440795211465 ns
[    0.006000] Calibrating delay loop (skipped), value calculated using timer frequency.. 4389.74 BogoMIPS (lpj=2194871)
[    0.006000] pid_max: default: 32768 minimum: 301
[    0.006000] Security Framework initialized
[    0.007889] Dentry cache hash table entries: 524288 (order: 10, 4194304 bytes)
[    0.008034] Inode-cache hash table entries: 262144 (order: 9, 2097152 bytes)
[    0.009029] Mount-cache hash table entries: 8192 (order: 4, 65536 bytes)
[    0.009035] Mountpoint-cache hash table entries: 8192 (order: 4, 65536 bytes)
[    0.009179] CPU: Physical Processor ID: 0
[    0.009181] CPU: Processor Core ID: 0
[    0.009199] mce: CPU supports 0 MCE banks
[    0.009213] Last level iTLB entries: 4KB 1024, 2MB 1024, 4MB 1024
[    0.009216] Last level dTLB entries: 4KB 1024, 2MB 1024, 4MB 1024, 1GB 4
[    0.009218] Spectre V2 : Vulnerable: Minimal generic ASM retpoline
[    0.009221] Speculative Store Bypass: Vulnerable
[    0.009298] Freeing SMP alternatives memory: 36K
[    0.010000] smpboot: CPU0: Intel(R) Core(TM) i7-4770HQ CPU @ 2.20GHz (family: 0x6, model: 0x46, stepping: 0x1)
[    0.010000] Performance Events: unsupported p6 CPU model 70 no PMU driver, software events only.
[    0.010000] rcu: Hierarchical SRCU implementation.
[    0.010000] smp: Bringing up secondary CPUs ...
[    0.010104] x86: Booting SMP configuration:
[    0.010108] .... node  #0, CPUs:      #1
[    0.001000] mce: CPU supports 0 MCE banks
[    0.011136]  #2
[    0.001000] mce: CPU supports 0 MCE banks
[    0.013176]  #3
[    0.001000] mce: CPU supports 0 MCE banks
[    0.015027] smp: Brought up 1 node, 4 CPUs
[    0.015027] smpboot: Max logical packages: 1
[    0.015027] smpboot: Total of 4 processors activated (17558.96 BogoMIPS)
[    0.016018] devtmpfs: initialized
[    0.016488] PM: Registering ACPI NVS region [mem 0xdff36000-0xdff39fff] (16384 bytes)
[    0.016488] clocksource: jiffies: mask: 0xffffffff max_cycles: 0xffffffff, max_idle_ns: 1911260446275000 ns
[    0.016488] futex hash table entries: 1024 (order: 4, 65536 bytes)
[    0.016488] RTC time: 14:27:29, date: 07/02/18
[    0.017094] NET: Registered protocol family 16
[    0.017299] cpuidle: using governor menu
[    0.017299] ACPI: bus type PCI registered
[    0.017299] PCI: Using configuration type 1 for base access
[    0.020028] HugeTLB registered 2.00 MiB page size, pre-allocated 0 pages
[    0.020185] ACPI: Added _OSI(Module Device)
[    0.020185] ACPI: Added _OSI(Processor Device)
[    0.020185] ACPI: Added _OSI(3.0 _SCP Extensions)
[    0.020185] ACPI: Added _OSI(Processor Aggregator Device)
[    0.020185] ACPI: Added _OSI(Linux-Dell-Video)
[    0.021763] ACPI: 2 ACPI AML tables successfully acquired and loaded
[    0.023019] ACPI: Interpreter enabled
[    0.023030] ACPI: (supports S0 S5)
[    0.023033] ACPI: Using IOAPIC for interrupt routing
[    0.023149] PCI: Using host bridge windows from ACPI; if necessary, use "pci=nocrs" and report a bug
[    0.023275] ACPI: Enabled 2 GPEs in block 00 to 07
[    0.027155] ACPI: PCI Root Bridge [PCI0] (domain 0000 [bus 00-ff])
[    0.027162] acpi PNP0A03:00: _OSC: OS supports [ASPM ClockPM Segments MSI]
[    0.027166] acpi PNP0A03:00: _OSC: not requesting OS control; OS requires [ExtendedConfig ASPM ClockPM MSI]
[    0.027205] acpi PNP0A03:00: fail to add MMCONFIG information, can't access extended PCI configuration space under this bridge.
[    0.027309] PCI host bridge to bus 0000:00
[    0.027314] pci_bus 0000:00: root bus resource [io  0x0000-0x0cf7 window]
[    0.027317] pci_bus 0000:00: root bus resource [io  0x0d00-0xffff window]
[    0.027321] pci_bus 0000:00: root bus resource [mem 0x000a0000-0x000bffff window]
[    0.027324] pci_bus 0000:00: root bus resource [mem 0xe0000000-0xfdffffff window]
[    0.027328] pci_bus 0000:00: root bus resource [bus 00-ff]
[    0.027380] pci 0000:00:00.0: [8086:1237] type 00 class 0x060000
[    0.028240] pci 0000:00:01.0: [8086:7000] type 00 class 0x060100
[    0.029262] pci 0000:00:01.1: [8086:7111] type 00 class 0x01018a
[    0.030076] pci 0000:00:01.1: reg 0x20: [io  0xc170-0xc17f]
[    0.030322] pci 0000:00:01.1: legacy IDE quirk: reg 0x10: [io  0x01f0-0x01f7]
[    0.030327] pci 0000:00:01.1: legacy IDE quirk: reg 0x14: [io  0x03f6]
[    0.030330] pci 0000:00:01.1: legacy IDE quirk: reg 0x18: [io  0x0170-0x0177]
[    0.030333] pci 0000:00:01.1: legacy IDE quirk: reg 0x1c: [io  0x0376]
[    0.030621] pci 0000:00:02.0: [80ee:beef] type 00 class 0x030000
[    0.035046] pci 0000:00:02.0: reg 0x10: [mem 0xe0000000-0xe1ffffff pref]
[    0.048085] pci 0000:00:02.0: BAR 0: assigned to efifb
[    0.048512] pci 0000:00:03.0: [8086:100e] type 00 class 0x020000
[    0.050274] pci 0000:00:03.0: reg 0x10: [mem 0xe2400000-0xe241ffff]
[    0.052626] pci 0000:00:03.0: reg 0x18: [io  0xc190-0xc197]
[    0.060439] pci 0000:00:04.0: [80ee:cafe] type 00 class 0x088000
[    0.062214] pci 0000:00:04.0: reg 0x10: [io  0xc140-0xc15f]
[    0.063100] pci 0000:00:04.0: reg 0x14: [mem 0xe2000000-0xe23fffff]
[    0.065618] pci 0000:00:04.0: reg 0x18: [mem 0xe2420000-0xe2423fff pref]
[    0.073293] pci 0000:00:05.0: [8086:2415] type 00 class 0x040100
[    0.073512] pci 0000:00:05.0: reg 0x10: [io  0xc000-0xc0ff]
[    0.073654] pci 0000:00:05.0: reg 0x14: [io  0xc100-0xc13f]
[    0.074542] pci 0000:00:06.0: [106b:003f] type 00 class 0x0c0310
[    0.077140] pci 0000:00:06.0: reg 0x10: [mem 0xe2427000-0xe2427fff]
[    0.087611] pci 0000:00:07.0: [8086:7113] type 00 class 0x068000
[    0.088365] pci 0000:00:07.0: quirk: [io  0x4000-0x403f] claimed by PIIX4 ACPI
[    0.088387] pci 0000:00:07.0: quirk: [io  0x4100-0x410f] claimed by PIIX4 SMB
[    0.088760] pci 0000:00:0b.0: [8086:265c] type 00 class 0x0c0320
[    0.090136] pci 0000:00:0b.0: reg 0x10: [mem 0xe2426000-0xe2426fff]
[    0.101331] pci 0000:00:0d.0: [8086:2829] type 00 class 0x010601
[    0.101360] pci 0000:00:0d.0: reg 0x10: [io  0xc188-0xc18f]
[    0.104183] pci 0000:00:0d.0: reg 0x14: [io  0xc19c-0xc19f]
[    0.105451] pci 0000:00:0d.0: reg 0x18: [io  0xc180-0xc187]
[    0.108239] pci 0000:00:0d.0: reg 0x1c: [io  0xc198-0xc19b]
[    0.109213] pci 0000:00:0d.0: reg 0x20: [io  0xc160-0xc16f]
[    0.110655] pci 0000:00:0d.0: reg 0x24: [mem 0xe2424000-0xe2425fff]
[    0.115828] ACPI: PCI Interrupt Link [LNKA] (IRQs 5 9 10 *11)
[    0.116070] ACPI: PCI Interrupt Link [LNKB] (IRQs 5 9 10 *11)
[    0.116182] ACPI: PCI Interrupt Link [LNKC] (IRQs 5 9 *10 11)
[    0.116283] ACPI: PCI Interrupt Link [LNKD] (IRQs 5 9 *10 11)
[    0.117031] pci 0000:00:02.0: vgaarb: setting as boot VGA device
[    0.117036] pci 0000:00:02.0: vgaarb: VGA device added: decodes=io+mem,owns=io+mem,locks=none
[    0.117064] pci 0000:00:02.0: vgaarb: bridge control possible
[    0.117068] vgaarb: loaded
[    0.117137] SCSI subsystem initialized
[    0.117250] libata version 3.00 loaded.
[    0.117250] ACPI: bus type USB registered
[    0.117250] usbcore: registered new interface driver usbfs
[    0.117250] usbcore: registered new interface driver hub
[    0.117250] usbcore: registered new device driver usb
[    0.117250] pps_core: LinuxPPS API ver. 1 registered
[    0.117250] pps_core: Software ver. 5.3.6 - Copyright 2005-2007 Rodolfo Giometti <giometti@linux.it>
[    0.117250] PTP clock support registered
[    0.117322] EDAC MC: Ver: 3.0.0
[    0.118074] Registered efivars operations
[    0.146676] Advanced Linux Sound Architecture Driver Initialized.
[    0.146695] PCI: Using ACPI for IRQ routing
[    0.146699] PCI: pci_cache_line_size set to 64 bytes
[    0.147033] e820: reserve RAM buffer [mem 0xdee55000-0xdfffffff]
[    0.147039] e820: reserve RAM buffer [mem 0xdfed6000-0xdfffffff]
[    0.147042] e820: reserve RAM buffer [mem 0xdffc0000-0xdfffffff]
[    0.147043] e820: reserve RAM buffer [mem 0xdfff0000-0xdfffffff]
[    0.147151] NetLabel: Initializing
[    0.147212] NetLabel:  domain hash size = 128
[    0.147215] NetLabel:  protocols = UNLABELED CIPSOv4 CALIPSO
[    0.147236] NetLabel:  unlabeled traffic allowed by default
[    0.148035] clocksource: Switched to clocksource tsc-early
[    0.158326] VFS: Disk quotas dquot_6.6.0
[    0.158336] VFS: Dquot-cache hash table entries: 512 (order 0, 4096 bytes)
[    0.158413] pnp: PnP ACPI init
[    0.158485] pnp 00:00: Plug and Play ACPI device, IDs PNP0303 (active)
[    0.158596] pnp 00:01: Plug and Play ACPI device, IDs PNP0f03 (active)
[    0.159827] pnp: PnP ACPI: found 2 devices
[    0.174608] clocksource: acpi_pm: mask: 0xffffff max_cycles: 0xffffff, max_idle_ns: 2085701024 ns
[    0.174625] pci_bus 0000:00: resource 4 [io  0x0000-0x0cf7 window]
[    0.174627] pci_bus 0000:00: resource 5 [io  0x0d00-0xffff window]
[    0.174629] pci_bus 0000:00: resource 6 [mem 0x000a0000-0x000bffff window]
[    0.174632] pci_bus 0000:00: resource 7 [mem 0xe0000000-0xfdffffff window]
[    0.174677] NET: Registered protocol family 2
[    0.175085] tcp_listen_portaddr_hash hash table entries: 2048 (order: 3, 32768 bytes)
[    0.175102] TCP established hash table entries: 32768 (order: 6, 262144 bytes)
[    0.175129] TCP bind hash table entries: 32768 (order: 7, 524288 bytes)
[    0.175217] TCP: Hash tables configured (established 32768 bind 32768)
[    0.175257] UDP hash table entries: 2048 (order: 4, 65536 bytes)
[    0.175275] UDP-Lite hash table entries: 2048 (order: 4, 65536 bytes)
[    0.175332] NET: Registered protocol family 1
[    0.176019] RPC: Registered named UNIX socket transport module.
[    0.176025] RPC: Registered udp transport module.
[    0.176030] RPC: Registered tcp transport module.
[    0.176033] RPC: Registered tcp NFSv4.1 backchannel transport module.
[    0.176340] pci 0000:00:00.0: Limiting direct PCI/PCI transfers
[    0.176462] pci 0000:00:01.0: Activating ISA DMA hang workarounds
[    0.176589] pci 0000:00:02.0: Video device with shadowed ROM at [mem 0x000c0000-0x000dffff]
[    0.182382] PCI: CLS 0 bytes, default 64
[    0.182422] Unpacking initramfs...
[    0.378609] Freeing initrd memory: 13712K
[    0.378702] PCI-DMA: Using software bounce buffering for IO (SWIOTLB)
[    0.378760] software IO TLB [mem 0xd8000000-0xdc000000] (64MB) mapped at [000000007ba5f205-00000000e4784d75]
[    0.379732] RAPL PMU: API unit is 2^-32 Joules, 4 fixed counters, 10737418240 ms ovfl timer
[    0.379736] RAPL PMU: hw unit of domain pp0-core 2^-0 Joules
[    0.379739] RAPL PMU: hw unit of domain package 2^-0 Joules
[    0.379741] RAPL PMU: hw unit of domain dram 2^-0 Joules
[    0.379743] RAPL PMU: hw unit of domain pp1-gpu 2^-0 Joules
[    0.379786] platform rtc_cmos: registered platform RTC device (no PNP device found)
[    0.381807] Scanning for low memory corruption every 60 seconds
[    0.382254] Initialise system trusted keyrings
[    0.382420] workingset: timestamp_bits=57 max_order=20 bucket_order=0
[    0.384258] NFS: Registering the id_resolver key type
[    0.384265] Key type id_resolver registered
[    0.384268] Key type id_legacy registered
[    0.384752] cryptomgr_test (47) used greatest stack depth: 15624 bytes left
[    0.385025] cryptomgr_test (48) used greatest stack depth: 15280 bytes left
[    0.391361] Key type asymmetric registered
[    0.391365] Asymmetric key parser 'x509' registered
[    0.391393] Block layer SCSI generic (bsg) driver version 0.4 loaded (major 251)
[    0.391397] io scheduler noop registered
[    0.391400] io scheduler deadline registered
[    0.391427] io scheduler cfq registered (default)
[    0.391451] io scheduler mq-deadline registered
[    0.391454] io scheduler kyber registered
[    0.391722] efifb: probing for efifb
[    0.391732] efifb: framebuffer at 0xe0000000, using 3072k, total 3072k
[    0.391735] efifb: mode is 1024x768x32, linelength=4096, pages=1
[    0.391737] efifb: scrolling: redraw
[    0.391740] efifb: Truecolor: size=8:8:8:8, shift=24:16:8:0
[    0.393872] Console: switching to colour frame buffer device 128x48
[    0.395486] fb0: EFI VGA frame buffer device
[    0.395786] ACPI: AC Adapter [AC] (off-line)
[    0.395838] input: Power Button as /devices/LNXSYSTM:00/LNXPWRBN:00/input/input0
[    0.395874] ACPI: Power Button [PWRF]
[    0.395964] input: Sleep Button as /devices/LNXSYSTM:00/LNXSLPBN:00/input/input1
[    0.395992] ACPI: Sleep Button [SLPF]
[    0.396119] ACPI: Video Device [GFX0] (multi-head: yes  rom: no  post: no)
[    0.396253] input: Video Bus as /devices/LNXSYSTM:00/LNXSYBUS:00/PNP0A03:00/LNXVIDEO:00/input/input2
[    0.397513] Serial: 8250/16550 driver, 4 ports, IRQ sharing enabled
[    0.397645] ACPI: Battery Slot [BAT0] (battery present)
[    0.398568] Non-volatile memory driver v1.3
[    0.398705] Linux agpgart interface v0.103
[    0.401887] loop: module loaded
[    0.401952] ahci 0000:00:0d.0: version 3.0
[    0.402851] ahci 0000:00:0d.0: SSS flag set, parallel bus scan disabled
[    0.403032] ahci 0000:00:0d.0: AHCI 0001.0100 32 slots 1 ports 3 Gbps 0x1 impl SATA mode
[    0.403077] ahci 0000:00:0d.0: flags: 64bit ncq stag only ccc 
[    0.403562] scsi host0: ahci
[    0.403619] ata1: SATA max UDMA/133 abar m8192@0xe2424000 port 0xe2424100 irq 21
[    0.404096] ata_piix 0000:00:01.1: version 2.13
[    0.404680] scsi host1: ata_piix
[    0.405363] scsi host2: ata_piix
[    0.405778] ata2: PATA max UDMA/33 cmd 0x1f0 ctl 0x3f6 bmdma 0xc170 irq 14
[    0.407308] ata3: PATA max UDMA/33 cmd 0x170 ctl 0x376 bmdma 0xc178 irq 15
[    0.408871] e100: Intel(R) PRO/100 Network Driver, 3.5.24-k2-NAPI
[    0.409261] e100: Copyright(c) 1999-2006 Intel Corporation
[    0.410088] e1000: Intel(R) PRO/1000 Network Driver - version 7.3.21-k8-NAPI
[    0.410623] e1000: Copyright (c) 1999-2006 Intel Corporation.
[    0.563564] ata3.00: ATAPI: VBOX CD-ROM, 1.0, max UDMA/133
[    0.720291] ata1: SATA link up 3.0 Gbps (SStatus 123 SControl 300)
[    0.722560] ata1.00: ATA-6: VBOX HARDDISK, 1.0, max UDMA/133
[    0.723015] ata1.00: 536870912 sectors, multi 128: LBA48 NCQ (depth 32)
[    0.723837] ata1.00: configured for UDMA/133
[    0.724646] scsi 0:0:0:0: Direct-Access     ATA      VBOX HARDDISK    1.0  PQ: 0 ANSI: 5
[    0.725519] sd 0:0:0:0: Attached scsi generic sg0 type 0
[    0.726785] sd 0:0:0:0: [sda] 536870912 512-byte logical blocks: (275 GB/256 GiB)
[    0.728156] scsi 2:0:0:0: CD-ROM            VBOX     CD-ROM           1.0  PQ: 0 ANSI: 5
[    0.730561] sd 0:0:0:0: [sda] Write Protect is off
[    0.731775] sd 0:0:0:0: [sda] Mode Sense: 00 3a 00 00
[    0.731803] sd 0:0:0:0: [sda] Write cache: enabled, read cache: enabled, doesn't support DPO or FUA
[    0.739646]  sda: sda1 sda2 sda3
[    0.741023] sd 0:0:0:0: [sda] Attached SCSI disk
[    0.795693] sr 2:0:0:0: [sr0] scsi3-mmc drive: 32x/32x xa/form2 tray
[    0.797419] cdrom: Uniform CD-ROM driver Revision: 3.20
[    0.798031] sr 2:0:0:0: Attached scsi CD-ROM sr0
[    0.798433] sr 2:0:0:0: Attached scsi generic sg1 type 5
[    0.822350] e1000 0000:00:03.0 eth0: (PCI:33MHz:32-bit) 08:00:27:a5:de:07
[    0.824425] e1000 0000:00:03.0 eth0: Intel(R) PRO/1000 Network Connection
[    0.825008] e1000e: Intel(R) PRO/1000 Network Driver - 3.2.6-k
[    0.825860] e1000e: Copyright(c) 1999 - 2015 Intel Corporation.
[    0.828254] sky2: driver version 1.30
[    0.829910] ehci_hcd: USB 2.0 'Enhanced' Host Controller (EHCI) Driver
[    0.830356] ehci-pci: EHCI PCI platform driver
[    0.831758] ehci-pci 0000:00:0b.0: EHCI Host Controller
[    0.832366] ehci-pci 0000:00:0b.0: new USB bus registered, assigned bus number 1
[    0.833052] ehci-pci 0000:00:0b.0: irq 19, io mem 0xe2426000
[    0.840698] ehci-pci 0000:00:0b.0: USB 2.0 started, EHCI 1.00
[    0.841151] usb usb1: New USB device found, idVendor=1d6b, idProduct=0002, bcdDevice= 4.18
[    0.841517] usb usb1: New USB device strings: Mfr=3, Product=2, SerialNumber=1
[    0.841988] usb usb1: Product: EHCI Host Controller
[    0.842772] usb usb1: Manufacturer: Linux 4.18.0-rc2-next-20180702 ehci_hcd
[    0.843204] usb usb1: SerialNumber: 0000:00:0b.0
[    0.844321] hub 1-0:1.0: USB hub found
[    0.845288] hub 1-0:1.0: 12 ports detected
[    0.845945] ohci_hcd: USB 1.1 'Open' Host Controller (OHCI) Driver
[    0.847734] ohci-pci: OHCI PCI platform driver
[    0.850752] ohci-pci 0000:00:06.0: OHCI PCI host controller
[    0.851363] ohci-pci 0000:00:06.0: new USB bus registered, assigned bus number 2
[    0.851883] ohci-pci 0000:00:06.0: irq 22, io mem 0xe2427000
[    0.908097] usb usb2: New USB device found, idVendor=1d6b, idProduct=0001, bcdDevice= 4.18
[    0.910270] usb usb2: New USB device strings: Mfr=3, Product=2, SerialNumber=1
[    0.910727] usb usb2: Product: OHCI PCI host controller
[    0.911135] usb usb2: Manufacturer: Linux 4.18.0-rc2-next-20180702 ohci_hcd
[    0.911870] usb usb2: SerialNumber: 0000:00:06.0
[    0.912994] hub 2-0:1.0: USB hub found
[    0.915107] hub 2-0:1.0: 12 ports detected
[    0.915846] uhci_hcd: USB Universal Host Controller Interface driver
[    0.916297] usbcore: registered new interface driver usblp
[    0.916766] usbcore: registered new interface driver usb-storage
[    0.917199] i8042: PNP: PS/2 Controller [PNP0303:PS2K,PNP0f03:PS2M] at 0x60,0x64 irq 1,12
[    0.918205] serio: i8042 KBD port at 0x60,0x64 irq 1
[    0.919021] serio: i8042 AUX port at 0x60,0x64 irq 12
[    0.919597] mousedev: PS/2 mouse device common for all mice
[    0.921137] rtc_cmos rtc_cmos: registered as rtc0
[    0.921534] rtc_cmos rtc_cmos: alarms up to one day, 114 bytes nvram
[    0.922493] input: AT Translated Set 2 keyboard as /devices/platform/i8042/serio0/input/input3
[    0.923420] device-mapper: ioctl: 4.39.0-ioctl (2018-04-03) initialised: dm-devel@redhat.com
[    0.923922] EFI Variables Facility v0.08 2004-May-17
[    0.956578] hidraw: raw HID events driver (C) Jiri Kosina
[    0.958326] usbcore: registered new interface driver usbhid
[    0.958434] usbhid: USB HID core driver
[    0.964082] modprobe (87) used greatest stack depth: 14648 bytes left
[    0.966796] Initializing XFRM netlink socket
[    0.966951] NET: Registered protocol family 10
[    0.968020] Segment Routing with IPv6
[    0.970645] sit: IPv6, IPv4 and MPLS over IPv4 tunneling driver
[    0.971791] NET: Registered protocol family 17
[    0.971840] Key type dns_resolver registered
[    0.973117] sched_clock: Marking stable (973048168, 0)->(1077398743, -104350575)
[    0.976306] registered taskstats version 1
[    0.978345] Loading compiled-in X.509 certificates
[    0.978722]   Magic number: 10:565:484
[    0.979656] console [netcon0] enabled
[    0.979875] netconsole: network logging started
[    0.980344] cfg80211: Loading compiled-in X.509 certificates for regulatory database
[    0.982444] modprobe (91) used greatest stack depth: 14288 bytes left
[    0.983259] cfg80211: Loaded X.509 cert 'sforshee: 00b28ddf47aef9cea7'
[    0.983845] platform regulatory.0: Direct firmware load for regulatory.db failed with error -2
[    0.984292] ALSA device list:
[    0.984471] cfg80211: failed to load regulatory.db
[    0.984658]   No soundcards found.
[    0.986659] Freeing unused kernel memory: 1240K
[    0.991728] Write protecting the kernel read-only data: 18432k
[    0.993200] Freeing unused kernel memory: 2004K
[    0.995584] Freeing unused kernel memory: 1040K
[    1.000989] mount (94) used greatest stack depth: 14240 bytes left
[    1.008406] random: systemd-udevd: uninitialized urandom read (16 bytes read)
[    1.012311] random: udevadm: uninitialized urandom read (16 bytes read)
[    1.012342] random: udevadm: uninitialized urandom read (16 bytes read)
[    1.033663] udevadm (100) used greatest stack depth: 13920 bytes left
[    1.142338] input: ImExPS/2 Generic Explorer Mouse as /devices/platform/i8042/serio1/input/input5
[    1.291091] usb 2-1: new full-speed USB device number 2 using ohci-pci
[    1.441112] tsc: Refined TSC clocksource calibration: 2194.920 MHz
[    1.441132] clocksource: tsc: mask: 0xffffffffffffffff max_cycles: 0x1fa373f688b, max_idle_ns: 440795233648 ns
[    1.441209] clocksource: Switched to clocksource tsc
[    1.554835] usb 2-1: New USB device found, idVendor=80ee, idProduct=0021, bcdDevice= 1.00
[    1.554839] usb 2-1: New USB device strings: Mfr=1, Product=3, SerialNumber=0
[    1.557429] usb 2-1: Product: USB Tablet
[    1.557431] usb 2-1: Manufacturer: VirtualBox
[    1.569405] input: VirtualBox USB Tablet as /devices/pci0000:00/0000:00:06.0/usb2/2-1/2-1:1.0/0003:80EE:0021.0001/input/input6
[    1.571056] hid-generic 0003:80EE:0021.0001: input,hidraw0: USB HID v1.10 Mouse [VirtualBox USB Tablet] on usb-0000:00:06.0-1/input0
[    1.817429] hrtimer: interrupt took 5845842 ns
[    2.005079] cdrom_id (115) used greatest stack depth: 13664 bytes left
[    2.161458] ata_id (117) used greatest stack depth: 13624 bytes left
[    4.237345] random: fast init done
[    4.524582] EXT4-fs (sda2): mounted filesystem with ordered data mode. Opts: (null)
[    6.605017] modprobe (133) used greatest stack depth: 13560 bytes left
[    6.659253] systemd[1]: systemd 231 running in system mode. (-PAM -AUDIT -SELINUX +IMA -APPARMOR +SMACK +SYSVINIT +UTMP -LIBCRYPTSETUP -GCRYPT -GNUTLS +ACL +XZ -LZ4 -SECCOMP +BLKID -ELFUTILS +KMOD -IDN)
[    6.661310] systemd[1]: Detected virtualization oracle.
[    6.661672] systemd[1]: Detected architecture x86-64.
[    6.664915] systemd[1]: Set hostname to <aastruc>.
[    6.672713] systemd[1]: Enabling showing of status.
[    6.673921] systemd[134]: Spawned /lib/systemd/system-generators/systemd-fstab-generator as 135.
[    6.674072] systemd[134]: Spawned /lib/systemd/system-generators/systemd-debug-generator as 136.
[    6.674195] systemd[134]: Spawned /lib/systemd/system-generators/systemd-getty-generator as 137.
[    6.674310] systemd[134]: Spawned /lib/systemd/system-generators/systemd-system-update-generator as 138.
[    6.674322] systemd[134]: Spawned /lib/systemd/system-generators/systemd-hibernate-resume-generator as 139.
[    6.685454] systemd-system- (138) used greatest stack depth: 13520 bytes left
[    6.699458] systemd-gpt-auto-generator[142]: /dev/sda2: root device /dev/sda.
[    6.709592] systemd-gpt-auto-generator[142]: Adding swap: /dev/sda3
[    6.709641] systemd-gpt-auto-generator[142]: /boot specified in fstab, ignoring.
[    6.799790] random: crng init done
[    6.799792] random: 7 urandom warning(s) missed due to ratelimiting
[    6.818989] EXT4-fs (sda2): re-mounted. Opts: data=ordered
[    6.824293] Adding 6290408k swap on /dev/sda3.  Priority:-2 extents:1 across:6290408k 
[    6.839926] systemd-journald[151]: Fixed min_use=1.0M max_use=197.2M max_size=24.6M min_size=512.0K keep_free=295.8M n_max_files=100
[    6.840549] systemd-journald[151]: Reserving 44892 entries in hash table.
[    6.841596] systemd-journald[151]: Vacuuming...
[    6.841609] systemd-journald[151]: Vacuuming done, freed 0B of archived journals on disk.
[    6.862788] systemd-journald[151]: Fixed min_use=1.0M max_use=4.0G max_size=128.0M min_size=512.0K keep_free=4.0G n_max_files=100
[    6.874518] systemd-journald[151]: Flushing to /var...
[    6.874532] systemd-journald[151]: Root directory /run/log/journal added.
[    6.874537] systemd-journald[151]: Considering directory /run/log/journal/e1bbccbaa411418ab84bf332d3066e6d.
[    6.874544] systemd-journald[151]: Directory /run/log/journal/e1bbccbaa411418ab84bf332d3066e6d added.
[    6.874561] systemd-journald[151]: File /run/log/journal/e1bbccbaa411418ab84bf332d3066e6d/system.journal added.
[    7.058121] FAT-fs (sda1): Volume was not properly unmounted. Some data may be corrupt. Please run fsck.
[    7.919716] e1000 0000:00:03.0 enp0s3: renamed from eth0
[    8.080129] systemd-udevd (196) used greatest stack depth: 13016 bytes left
[    8.140230] IPv6: ADDRCONF(NETDEV_UP): enp0s3: link is not ready
[    8.142516] e1000: enp0s3 NIC Link is Up 1000 Mbps Full Duplex, Flow Control: RX
[    8.144575] IPv6: ADDRCONF(NETDEV_CHANGE): enp0s3: link becomes ready
